ARM Linker, 4.1 [Build 894] [Standard]

==============================================================================

Section Cross References

    cpal_hal.o(i.CPAL_HAL_NVICInit) refers to misc.o(i.NVIC_PriorityGroupConfig) for NVIC_PriorityGroupConfig
    cpal_i2c.o(i.CPAL_I2C_DMA_RX_IRQHandler) refers to cpal_i2c.o(i.CPAL_I2C_Timeout) for CPAL_I2C_Timeout
    cpal_i2c.o(i.CPAL_I2C_DMA_RX_IRQHandler) refers to cpal_usercallback.o(i.CPAL_I2C_RXTC_UserCallback) for CPAL_I2C_RXTC_UserCallback
    cpal_i2c.o(i.CPAL_I2C_DMA_RX_IRQHandler) refers to cpal_i2c_hal_stm32f2xx.o(.constdata) for CPAL_I2C_DMA_RX_TC_FLAG
    cpal_i2c.o(i.CPAL_I2C_DMA_RX_IRQHandler) refers to cpal_i2c_hal_stm32f2xx.o(.data) for CPAL_I2C_DMA
    cpal_i2c.o(i.CPAL_I2C_DMA_RX_IRQHandler) refers to cpal_i2c_hal_stm32f2xx.o(.data) for CPAL_I2C_DMA_RX_Stream
    cpal_i2c.o(i.CPAL_I2C_DMA_RX_IRQHandler) refers to cpal_i2c_hal_stm32f2xx.o(.constdata) for CPAL_I2C_DMA_RX_HT_FLAG
    cpal_i2c.o(i.CPAL_I2C_DMA_RX_IRQHandler) refers to cpal_i2c_hal_stm32f2xx.o(.constdata) for CPAL_I2C_DMA_RX_TE_FLAG
    cpal_i2c.o(i.CPAL_I2C_DMA_TX_IRQHandler) refers to cpal_usercallback.o(i.CPAL_I2C_TXTC_UserCallback) for CPAL_I2C_TXTC_UserCallback
    cpal_i2c.o(i.CPAL_I2C_DMA_TX_IRQHandler) refers to cpal_i2c.o(i.CPAL_I2C_Timeout) for CPAL_I2C_Timeout
    cpal_i2c.o(i.CPAL_I2C_DMA_TX_IRQHandler) refers to cpal_i2c_hal_stm32f2xx.o(.constdata) for CPAL_I2C_DMA_TX_TC_FLAG
    cpal_i2c.o(i.CPAL_I2C_DMA_TX_IRQHandler) refers to cpal_i2c_hal_stm32f2xx.o(.data) for CPAL_I2C_DMA
    cpal_i2c.o(i.CPAL_I2C_DMA_TX_IRQHandler) refers to cpal_i2c_hal_stm32f2xx.o(.data) for CPAL_I2C_DMA_TX_Stream
    cpal_i2c.o(i.CPAL_I2C_DMA_TX_IRQHandler) refers to cpal_i2c_hal_stm32f2xx.o(.constdata) for CPAL_I2C_DMA_TX_HT_FLAG
    cpal_i2c.o(i.CPAL_I2C_DMA_TX_IRQHandler) refers to cpal_i2c_hal_stm32f2xx.o(.constdata) for CPAL_I2C_DMA_TX_TE_FLAG
    cpal_i2c.o(i.CPAL_I2C_DeInit) refers to cpal_i2c_hal_stm32f2xx.o(i.CPAL_I2C_HAL_GPIODeInit) for CPAL_I2C_HAL_GPIODeInit
    cpal_i2c.o(i.CPAL_I2C_DeInit) refers to cpal_i2c_hal_stm32f2xx.o(i.CPAL_I2C_HAL_CLKDeInit) for CPAL_I2C_HAL_CLKDeInit
    cpal_i2c.o(i.CPAL_I2C_DeInit) refers to cpal_i2c_hal_stm32f2xx.o(i.CPAL_I2C_HAL_DMADeInit) for CPAL_I2C_HAL_DMADeInit
    cpal_i2c.o(i.CPAL_I2C_DeInit) refers to cpal_i2c_hal_stm32f2xx.o(i.CPAL_I2C_HAL_ITDeInit) for CPAL_I2C_HAL_ITDeInit
    cpal_i2c.o(i.CPAL_I2C_DeInit) refers to cpal_i2c_hal_stm32f2xx.o(.data) for CPAL_I2C_DEVICE
    cpal_i2c.o(i.CPAL_I2C_ER_IRQHandler) refers to cpal_usercallback.o(i.CPAL_I2C_ERR_UserCallback) for CPAL_I2C_ERR_UserCallback
    cpal_i2c.o(i.CPAL_I2C_ER_IRQHandler) refers to cpal_i2c_hal_stm32f2xx.o(.data) for CPAL_I2C_DEVICE
    cpal_i2c.o(i.CPAL_I2C_EV_IRQHandler) refers to cpal_i2c.o(i.I2C_MASTER_ADDR_Handle) for I2C_MASTER_ADDR_Handle
    cpal_i2c.o(i.CPAL_I2C_EV_IRQHandler) refers to cpal_i2c_hal_stm32f2xx.o(.data) for CPAL_I2C_DEVICE
    cpal_i2c.o(i.CPAL_I2C_Init) refers to cpal_i2c_hal_stm32f2xx.o(i.CPAL_I2C_HAL_GPIODeInit) for CPAL_I2C_HAL_GPIODeInit
    cpal_i2c.o(i.CPAL_I2C_Init) refers to cpal_i2c_hal_stm32f2xx.o(i.CPAL_I2C_HAL_CLKDeInit) for CPAL_I2C_HAL_CLKDeInit
    cpal_i2c.o(i.CPAL_I2C_Init) refers to cpal_i2c_hal_stm32f2xx.o(i.CPAL_I2C_HAL_DMADeInit) for CPAL_I2C_HAL_DMADeInit
    cpal_i2c.o(i.CPAL_I2C_Init) refers to cpal_i2c_hal_stm32f2xx.o(i.CPAL_I2C_HAL_CLKInit) for CPAL_I2C_HAL_CLKInit
    cpal_i2c.o(i.CPAL_I2C_Init) refers to cpal_i2c_hal_stm32f2xx.o(i.CPAL_I2C_HAL_GPIOInit) for CPAL_I2C_HAL_GPIOInit
    cpal_i2c.o(i.CPAL_I2C_Init) refers to stm32f2xx_i2c.o(i.I2C_Init) for I2C_Init
    cpal_i2c.o(i.CPAL_I2C_Init) refers to cpal_i2c_hal_stm32f2xx.o(i.CPAL_I2C_HAL_DMAInit) for CPAL_I2C_HAL_DMAInit
    cpal_i2c.o(i.CPAL_I2C_Init) refers to cpal_i2c_hal_stm32f2xx.o(i.CPAL_I2C_HAL_ITInit) for CPAL_I2C_HAL_ITInit
    cpal_i2c.o(i.CPAL_I2C_Init) refers to cpal_i2c.o(i.NVIC_SetPriority) for NVIC_SetPriority
    cpal_i2c.o(i.CPAL_I2C_Init) refers to cpal_i2c_hal_stm32f2xx.o(.data) for CPAL_I2C_DEVICE
    cpal_i2c.o(i.CPAL_I2C_Init) refers to system_stm32f2xx.o(.data) for SystemCoreClock
    cpal_i2c.o(i.CPAL_I2C_IsDeviceReady) refers to cpal_i2c.o(i.CPAL_I2C_Timeout) for CPAL_I2C_Timeout
    cpal_i2c.o(i.CPAL_I2C_IsDeviceReady) refers to cpal_i2c_hal_stm32f2xx.o(.data) for CPAL_I2C_DEVICE
    cpal_i2c.o(i.CPAL_I2C_Read) refers to cpal_i2c.o(i.CPAL_I2C_Timeout) for CPAL_I2C_Timeout
    cpal_i2c.o(i.CPAL_I2C_Read) refers to cpal_i2c.o(i.I2C_Enable_DMA_IT) for I2C_Enable_DMA_IT
    cpal_i2c.o(i.CPAL_I2C_Read) refers to cpal_i2c_hal_stm32f2xx.o(.data) for CPAL_I2C_DEVICE
    cpal_i2c.o(i.CPAL_I2C_StructInit) refers to cpal_i2c.o(.bss) for .bss
    cpal_i2c.o(i.CPAL_I2C_Timeout) refers to cpal_usercallback.o(i.CPAL_TIMEOUT_UserCallback) for CPAL_TIMEOUT_UserCallback
    cpal_i2c.o(i.CPAL_I2C_Write) refers to cpal_i2c.o(i.CPAL_I2C_Timeout) for CPAL_I2C_Timeout
    cpal_i2c.o(i.CPAL_I2C_Write) refers to cpal_i2c.o(i.I2C_Enable_DMA_IT) for I2C_Enable_DMA_IT
[...]
    Removing printf.o(i.USART1_ValidInput), (24 bytes).
    Removing printf.o(i.USART1_getchar), (32 bytes).
    Removing printf.o(i.USART1_gets_nowait), (160 bytes).
    Removing printf.o(i.USART1_putchar), (36 bytes).
    Removing printf.o(i.USART2_ValidInput), (24 bytes).
    Removing printf.o(i.USART2_getchar), (32 bytes).
    Removing printf.o(i.USART2_gets_nowait), (120 bytes).
    Removing printf.o(i.USART2_putchar), (36 bytes).
    Removing printf.o(.data), (8 bytes).
    Removing stm322xg_eval_bmp085_cpal.o(i.BMP085_EXTI_Config), (108 bytes).
    Removing stm322xg_eval_bmp085_cpal.o(i.BMP085_ITConfig), (10 bytes).
    Removing stm322xg_eval_bmp085_cpal.o(i.BMP085_Reset), (4 bytes).
    Removing stm322xg_eval_bmp085_cpal.o(i.I2C_ReadDeviceRegister), (64 bytes).
    Removing stm322xg_eval_bmp085_cpal.o(.data), (4 bytes).
    Removing stm32f2xx_tim.o(i.TI1_Config), (40 bytes).
    Removing stm32f2xx_tim.o(i.TI2_Config), (44 bytes).
    Removing stm32f2xx_tim.o(i.TIM_ARRPreloadConfig), (20 bytes).
    Removing stm32f2xx_tim.o(i.TIM_BDTRConfig), (34 bytes).
    Removing stm32f2xx_tim.o(i.TIM_BDTRStructInit), (18 bytes).
    Removing stm32f2xx_tim.o(i.TIM_CCPreloadControl), (20 bytes).
    Removing stm32f2xx_tim.o(i.TIM_CCxCmd), (22 bytes).
    Removing stm32f2xx_tim.o(i.TIM_CCxNCmd), (22 bytes).
    Removing stm32f2xx_tim.o(i.TIM_ClearFlag), (6 bytes).
    Removing stm32f2xx_tim.o(i.TIM_ClearOC1Ref), (12 bytes).
    Removing stm32f2xx_tim.o(i.TIM_ClearOC2Ref), (14 bytes).
    Removing stm32f2xx_tim.o(i.TIM_ClearOC3Ref), (12 bytes).
    Removing stm32f2xx_tim.o(i.TIM_ClearOC4Ref), (14 bytes).
    Removing stm32f2xx_tim.o(i.TIM_CounterModeConfig), (12 bytes).
    Removing stm32f2xx_tim.o(i.TIM_CtrlPWMOutputs), (22 bytes).
    Removing stm32f2xx_tim.o(i.TIM_DMACmd), (16 bytes).
    Removing stm32f2xx_tim.o(i.TIM_DMAConfig), (8 bytes).
    Removing stm32f2xx_tim.o(i.TIM_DeInit), (336 bytes).
    Removing stm32f2xx_tim.o(i.TIM_ETRClockMode1Config), (18 bytes).
    Removing stm32f2xx_tim.o(i.TIM_ETRClockMode2Config), (18 bytes).
    Removing stm32f2xx_tim.o(i.TIM_ETRConfig), (18 bytes).
    Removing stm32f2xx_tim.o(i.TIM_EncoderInterfaceConfig), (44 bytes).
    Removing stm32f2xx_tim.o(i.TIM_ForcedOC1Config), (12 bytes).
    Removing stm32f2xx_tim.o(i.TIM_ForcedOC2Config), (14 bytes).
    Removing stm32f2xx_tim.o(i.TIM_ForcedOC3Config), (12 bytes).
    Removing stm32f2xx_tim.o(i.TIM_ForcedOC4Config), (14 bytes).
    Removing stm32f2xx_tim.o(i.TIM_GenerateEvent), (4 bytes).
    Removing stm32f2xx_tim.o(i.TIM_GetCapture1), (4 bytes).
    Removing stm32f2xx_tim.o(i.TIM_GetCapture2), (4 bytes).
    Removing stm32f2xx_tim.o(i.TIM_GetCapture3), (4 bytes).
    Removing stm32f2xx_tim.o(i.TIM_GetCapture4), (4 bytes).
    Removing stm32f2xx_tim.o(i.TIM_GetCounter), (4 bytes).
    Removing stm32f2xx_tim.o(i.TIM_GetFlagStatus), (14 bytes).
    Removing stm32f2xx_tim.o(i.TIM_GetPrescaler), (4 bytes).
    Removing stm32f2xx_tim.o(i.TIM_ICInit), (160 bytes).
    Removing stm32f2xx_tim.o(i.TIM_ICStructInit), (16 bytes).
    Removing stm32f2xx_tim.o(i.TIM_ITRxExternalClockConfig), (18 bytes).
    Removing stm32f2xx_tim.o(i.TIM_InternalClockConfig), (10 bytes).
    Removing stm32f2xx_tim.o(i.TIM_OC1FastConfig), (12 bytes).
    Removing stm32f2xx_tim.o(i.TIM_OC1Init), (96 bytes).
    Removing stm32f2xx_tim.o(i.TIM_OC1NPolarityConfig), (12 bytes).
    Removing stm32f2xx_tim.o(i.TIM_OC1PolarityConfig), (12 bytes).
    Removing stm32f2xx_tim.o(i.TIM_OC1PreloadConfig), (12 bytes).
    Removing stm32f2xx_tim.o(i.TIM_OC2FastConfig), (14 bytes).
    Removing stm32f2xx_tim.o(i.TIM_OC2Init), (124 bytes).
    Removing stm32f2xx_tim.o(i.TIM_OC2NPolarityConfig), (14 bytes).
    Removing stm32f2xx_tim.o(i.TIM_OC2PolarityConfig), (14 bytes).
    Removing stm32f2xx_tim.o(i.TIM_OC2PreloadConfig), (14 bytes).
    Removing stm32f2xx_tim.o(i.TIM_OC3FastConfig), (12 bytes).
    Removing stm32f2xx_tim.o(i.TIM_OC3Init), (120 bytes).
    Removing stm32f2xx_tim.o(i.TIM_OC3NPolarityConfig), (14 bytes).
    Removing stm32f2xx_tim.o(i.TIM_OC3PolarityConfig), (14 bytes).
    Removing stm32f2xx_tim.o(i.TIM_OC3PreloadConfig), (12 bytes).
    Removing stm32f2xx_tim.o(i.TIM_OC4FastConfig), (14 bytes).
    Removing stm32f2xx_tim.o(i.TIM_OC4Init), (92 bytes).
    Removing stm32f2xx_tim.o(i.TIM_OC4PolarityConfig), (14 bytes).
    Removing stm32f2xx_tim.o(i.TIM_OC4PreloadConfig), (14 bytes).
    Removing stm32f2xx_tim.o(i.TIM_OCStructInit), (20 bytes).
    Removing stm32f2xx_tim.o(i.TIM_PWMIConfig), (108 bytes).
    Removing stm32f2xx_tim.o(i.TIM_PrescalerConfig), (6 bytes).
    Removing stm32f2xx_tim.o(i.TIM_RemapConfig), (6 bytes).
    Removing stm32f2xx_tim.o(i.TIM_SelectCCDMA), (20 bytes).
    Removing stm32f2xx_tim.o(i.TIM_SelectCOM), (20 bytes).
    Removing stm32f2xx_tim.o(i.TIM_SelectHallSensor), (20 bytes).
    Removing stm32f2xx_tim.o(i.TIM_SelectInputTrigger), (12 bytes).
    Removing stm32f2xx_tim.o(i.TIM_SelectMasterSlaveMode), (16 bytes).
    Removing stm32f2xx_tim.o(i.TIM_SelectOCxM), (70 bytes).
    Removing stm32f2xx_tim.o(i.TIM_SelectOnePulseMode), (16 bytes).
    Removing stm32f2xx_tim.o(i.TIM_SelectOutputTrigger), (16 bytes).
    Removing stm32f2xx_tim.o(i.TIM_SelectSlaveMode), (16 bytes).
    Removing stm32f2xx_tim.o(i.TIM_SetAutoreload), (4 bytes).
    Removing stm32f2xx_tim.o(i.TIM_SetClockDivision), (16 bytes).
    Removing stm32f2xx_tim.o(i.TIM_SetCompare1), (4 bytes).
    Removing stm32f2xx_tim.o(i.TIM_SetCompare2), (4 bytes).
    Removing stm32f2xx_tim.o(i.TIM_SetCompare3), (4 bytes).
    Removing stm32f2xx_tim.o(i.TIM_SetCompare4), (4 bytes).
    Removing stm32f2xx_tim.o(i.TIM_SetCounter), (4 bytes).
    Removing stm32f2xx_tim.o(i.TIM_SetIC1Prescaler), (16 bytes).
    Removing stm32f2xx_tim.o(i.TIM_SetIC2Prescaler), (18 bytes).
    Removing stm32f2xx_tim.o(i.TIM_SetIC3Prescaler), (16 bytes).
    Removing stm32f2xx_tim.o(i.TIM_SetIC4Prescaler), (18 bytes).
    Removing stm32f2xx_tim.o(i.TIM_TIxExternalClockConfig), (44 bytes).
    Removing stm32f2xx_tim.o(i.TIM_TimeBaseStructInit), (18 bytes).
    Removing stm32f2xx_tim.o(i.TIM_UpdateDisableConfig), (20 bytes).
    Removing stm32f2xx_tim.o(i.TIM_UpdateRequestConfig), (20 bytes).
    Removing stm32f2xx_usart.o(i.USART_ClearFlag), (6 bytes).
    Removing stm32f2xx_usart.o(i.USART_ClearITPendingBit), (12 bytes).
    Removing stm32f2xx_usart.o(i.USART_ClockInit), (28 bytes).
    Removing stm32f2xx_usart.o(i.USART_ClockStructInit), (12 bytes).
    Removing stm32f2xx_usart.o(i.USART_DMACmd), (16 bytes).
    Removing stm32f2xx_usart.o(i.USART_DeInit), (140 bytes).
    Removing stm32f2xx_usart.o(i.USART_GetITStatus), (62 bytes).
    Removing stm32f2xx_usart.o(i.USART_HalfDuplexCmd), (20 bytes).
    Removing stm32f2xx_usart.o(i.USART_ITConfig), (48 bytes).
    Removing stm32f2xx_usart.o(i.USART_IrDACmd), (20 bytes).
    Removing stm32f2xx_usart.o(i.USART_IrDAConfig), (16 bytes).
    Removing stm32f2xx_usart.o(i.USART_LINBreakDetectLengthConfig), (16 bytes).
    Removing stm32f2xx_usart.o(i.USART_LINCmd), (20 bytes).
    Removing stm32f2xx_usart.o(i.USART_OneBitMethodCmd), (20 bytes).
    Removing stm32f2xx_usart.o(i.USART_OverSampling8Cmd), (20 bytes).
    Removing stm32f2xx_usart.o(i.USART_ReceiveData), (8 bytes).
    Removing stm32f2xx_usart.o(i.USART_ReceiverWakeUpCmd), (20 bytes).
    Removing stm32f2xx_usart.o(i.USART_SendBreak), (10 bytes).
    Removing stm32f2xx_usart.o(i.USART_SetAddress), (16 bytes).
    Removing stm32f2xx_usart.o(i.USART_SetGuardTime), (16 bytes).
    Removing stm32f2xx_usart.o(i.USART_SetPrescaler), (16 bytes).
    Removing stm32f2xx_usart.o(i.USART_SmartCardCmd), (20 bytes).
    Removing stm32f2xx_usart.o(i.USART_SmartCardNACKCmd), (20 bytes).
    Removing stm32f2xx_usart.o(i.USART_StructInit), (22 bytes).
    Removing stm32f2xx_usart.o(i.USART_WakeUpConfig), (16 bytes).
    Removing stm32f2xx_dma.o(i.DMA_ClearFlag), (44 bytes).
    Removing stm32f2xx_dma.o(i.DMA_ClearITPendingBit), (44 bytes).
    Removing stm32f2xx_dma.o(i.DMA_Cmd), (20 bytes).
    Removing stm32f2xx_dma.o(i.DMA_DoubleBufferModeCmd), (20 bytes).
    Removing stm32f2xx_dma.o(i.DMA_DoubleBufferModeConfig), (22 bytes).
    Removing stm32f2xx_dma.o(i.DMA_FlowControllerConfig), (20 bytes).
    Removing stm32f2xx_dma.o(i.DMA_GetCmdStatus), (14 bytes).
    Removing stm32f2xx_dma.o(i.DMA_GetCurrDataCounter), (6 bytes).
    Removing stm32f2xx_dma.o(i.DMA_GetCurrentMemoryTarget), (14 bytes).
    Removing stm32f2xx_dma.o(i.DMA_GetFIFOStatus), (8 bytes).
    Removing stm32f2xx_dma.o(i.DMA_GetFlagStatus), (52 bytes).
    Removing stm32f2xx_dma.o(i.DMA_GetITStatus), (84 bytes).
    Removing stm32f2xx_dma.o(i.DMA_ITConfig), (44 bytes).
    Removing stm32f2xx_dma.o(i.DMA_MemoryTargetConfig), (10 bytes).
    Removing stm32f2xx_dma.o(i.DMA_PeriphIncOffsetSizeConfig), (20 bytes).
    Removing stm32f2xx_dma.o(i.DMA_SetCurrDataCounter), (4 bytes).
    Removing stm32f2xx_dma.o(i.DMA_StructInit), (34 bytes).
    Removing stm32f2xx_exti.o(i.EXTI_DeInit), (36 bytes).
    Removing stm32f2xx_exti.o(i.EXTI_GenerateSWInterrupt), (16 bytes).
    Removing stm32f2xx_exti.o(i.EXTI_GetITStatus), (32 bytes).
    Removing stm32f2xx_exti.o(i.EXTI_Init), (112 bytes).
    Removing stm32f2xx_exti.o(i.EXTI_StructInit), (14 bytes).
    Removing stm32f2xx_gpio.o(i.GPIO_DeInit), (228 bytes).
    Removing stm32f2xx_gpio.o(i.GPIO_PinLockConfig), (16 bytes).
    Removing stm32f2xx_gpio.o(i.GPIO_ReadInputData), (6 bytes).
    Removing stm32f2xx_gpio.o(i.GPIO_ReadInputDataBit), (14 bytes).
    Removing stm32f2xx_gpio.o(i.GPIO_ReadOutputData), (6 bytes).
    Removing stm32f2xx_gpio.o(i.GPIO_ReadOutputDataBit), (14 bytes).
    Removing stm32f2xx_gpio.o(i.GPIO_ResetBits), (4 bytes).
    Removing stm32f2xx_gpio.o(i.GPIO_SetBits), (4 bytes).
    Removing stm32f2xx_gpio.o(i.GPIO_StructInit), (18 bytes).
    Removing stm32f2xx_gpio.o(i.GPIO_ToggleBits), (8 bytes).
    Removing stm32f2xx_gpio.o(i.GPIO_Write), (4 bytes).
    Removing stm32f2xx_gpio.o(i.GPIO_WriteBit), (10 bytes).
    Removing stm32f2xx_i2c.o(i.I2C_ARPCmd), (20 bytes).
    Removing stm32f2xx_i2c.o(i.I2C_AcknowledgeConfig), (20 bytes).
    Removing stm32f2xx_i2c.o(i.I2C_CalculatePEC), (20 bytes).
    Removing stm32f2xx_i2c.o(i.I2C_CheckEvent), (24 bytes).
    Removing stm32f2xx_i2c.o(i.I2C_ClearFlag), (6 bytes).
    Removing stm32f2xx_i2c.o(i.I2C_ClearITPendingBit), (6 bytes).
    Removing stm32f2xx_i2c.o(i.I2C_Cmd), (20 bytes).
    Removing stm32f2xx_i2c.o(i.I2C_DMACmd), (20 bytes).
    Removing stm32f2xx_i2c.o(i.I2C_DMALastTransferCmd), (20 bytes).
    Removing stm32f2xx_i2c.o(i.I2C_DeInit), (68 bytes).
    Removing stm32f2xx_i2c.o(i.I2C_DualAddressCmd), (20 bytes).
    Removing stm32f2xx_i2c.o(i.I2C_FastModeDutyCycleConfig), (22 bytes).
    Removing stm32f2xx_i2c.o(i.I2C_GeneralCallCmd), (20 bytes).
    Removing stm32f2xx_i2c.o(i.I2C_GenerateSTART), (20 bytes).
    Removing stm32f2xx_i2c.o(i.I2C_GenerateSTOP), (20 bytes).
    Removing stm32f2xx_i2c.o(i.I2C_GetFlagStatus), (30 bytes).
    Removing stm32f2xx_i2c.o(i.I2C_GetITStatus), (32 bytes).
    Removing stm32f2xx_i2c.o(i.I2C_GetLastEvent), (14 bytes).
    Removing stm32f2xx_i2c.o(i.I2C_GetPEC), (6 bytes).
    Removing stm32f2xx_i2c.o(i.I2C_ITConfig), (16 bytes).
    Removing stm32f2xx_i2c.o(i.I2C_NACKPositionConfig), (22 bytes).
    Removing stm32f2xx_i2c.o(i.I2C_OwnAddress2Config), (16 bytes).
    Removing stm32f2xx_i2c.o(i.I2C_PECPositionConfig), (22 bytes).
    Removing stm32f2xx_i2c.o(i.I2C_ReadRegister), (4 bytes).
    Removing stm32f2xx_i2c.o(i.I2C_ReceiveData), (6 bytes).
    Removing stm32f2xx_i2c.o(i.I2C_SMBusAlertConfig), (22 bytes).
    Removing stm32f2xx_i2c.o(i.I2C_Send7bitAddress), (16 bytes).
    Removing stm32f2xx_i2c.o(i.I2C_SendData), (4 bytes).
    Removing stm32f2xx_i2c.o(i.I2C_SoftwareResetCmd), (20 bytes).
    Removing stm32f2xx_i2c.o(i.I2C_StretchClockCmd), (20 bytes).
    Removing stm32f2xx_i2c.o(i.I2C_StructInit), (28 bytes).
    Removing stm32f2xx_i2c.o(i.I2C_TransmitPEC), (20 bytes).
    Removing stm32f2xx_rcc.o(i.RCC_AHB1PeriphClockLPModeCmd), (24 bytes).
    Removing stm32f2xx_rcc.o(i.RCC_AHB1PeriphResetCmd), (24 bytes).
    Removing stm32f2xx_rcc.o(i.RCC_AHB2PeriphClockCmd), (24 bytes).
    Removing stm32f2xx_rcc.o(i.RCC_AHB2PeriphClockLPModeCmd), (24 bytes).
    Removing stm32f2xx_rcc.o(i.RCC_AHB2PeriphResetCmd), (24 bytes).
    Removing stm32f2xx_rcc.o(i.RCC_AHB3PeriphClockCmd), (24 bytes).
    Removing stm32f2xx_rcc.o(i.RCC_AHB3PeriphClockLPModeCmd), (24 bytes).
    Removing stm32f2xx_rcc.o(i.RCC_AHB3PeriphResetCmd), (24 bytes).
    Removing stm32f2xx_rcc.o(i.RCC_APB1PeriphClockLPModeCmd), (24 bytes).
    Removing stm32f2xx_rcc.o(i.RCC_APB2PeriphClockCmd), (24 bytes).
    Removing stm32f2xx_rcc.o(i.RCC_APB2PeriphClockLPModeCmd), (24 bytes).
    Removing stm32f2xx_rcc.o(i.RCC_APB2PeriphResetCmd), (24 bytes).
    Removing stm32f2xx_rcc.o(i.RCC_AdjustHSICalibrationValue), (20 bytes).
    Removing stm32f2xx_rcc.o(i.RCC_BackupResetCmd), (12 bytes).
    Removing stm32f2xx_rcc.o(i.RCC_ClearFlag), (16 bytes).
    Removing stm32f2xx_rcc.o(i.RCC_ClearITPendingBit), (12 bytes).
    Removing stm32f2xx_rcc.o(i.RCC_ClockSecuritySystemCmd), (12 bytes).
    Removing stm32f2xx_rcc.o(i.RCC_DeInit), (60 bytes).
    Removing stm32f2xx_rcc.o(i.RCC_GetFlagStatus), (52 bytes).
    Removing stm32f2xx_rcc.o(i.RCC_GetITStatus), (20 bytes).
    Removing stm32f2xx_rcc.o(i.RCC_GetSYSCLKSource), (16 bytes).
    Removing stm32f2xx_rcc.o(i.RCC_HCLKConfig), (20 bytes).
    Removing stm32f2xx_rcc.o(i.RCC_HSEConfig), (16 bytes).
    Removing stm32f2xx_rcc.o(i.RCC_HSICmd), (12 bytes).
    Removing stm32f2xx_rcc.o(i.RCC_I2SCLKConfig), (12 bytes).
    Removing stm32f2xx_rcc.o(i.RCC_ITConfig), (24 bytes).
    Removing stm32f2xx_rcc.o(i.RCC_LSEConfig), (28 bytes).
    Removing stm32f2xx_rcc.o(i.RCC_LSICmd), (12 bytes).
    Removing stm32f2xx_rcc.o(i.RCC_MCO1Config), (20 bytes).
    Removing stm32f2xx_rcc.o(i.RCC_MCO2Config), (20 bytes).
    Removing stm32f2xx_rcc.o(i.RCC_PCLK1Config), (20 bytes).
    Removing stm32f2xx_rcc.o(i.RCC_PCLK2Config), (20 bytes).
    Removing stm32f2xx_rcc.o(i.RCC_PLLCmd), (12 bytes).
    Removing stm32f2xx_rcc.o(i.RCC_PLLConfig), (40 bytes).
    Removing stm32f2xx_rcc.o(i.RCC_PLLI2SCmd), (12 bytes).
    Removing stm32f2xx_rcc.o(i.RCC_PLLI2SConfig), (16 bytes).
    Removing stm32f2xx_rcc.o(i.RCC_RTCCLKCmd), (12 bytes).
    Removing stm32f2xx_rcc.o(i.RCC_RTCCLKConfig), (48 bytes).
    Removing stm32f2xx_rcc.o(i.RCC_SYSCLKConfig), (20 bytes).
    Removing stm32f2xx_rcc.o(i.RCC_WaitForHSEStartUp), (38 bytes).
    Removing stm32f2xx_syscfg.o(i.SYSCFG_CompensationCellCmd), (12 bytes).
    Removing stm32f2xx_syscfg.o(i.SYSCFG_DeInit), (24 bytes).
    Removing stm32f2xx_syscfg.o(i.SYSCFG_ETH_MediaInterfaceConfig), (12 bytes).
    Removing stm32f2xx_syscfg.o(i.SYSCFG_EXTILineConfig), (40 bytes).
    Removing stm32f2xx_syscfg.o(i.SYSCFG_GetCompensationCellStatus), (20 bytes).
    Removing stm32f2xx_syscfg.o(i.SYSCFG_MemoryRemapConfig), (12 bytes).
    Removing stm32f2xx_fsmc.o(i.FSMC_ClearFlag), (42 bytes).
    Removing stm32f2xx_fsmc.o(i.FSMC_ClearITPendingBit), (44 bytes).
    Removing stm32f2xx_fsmc.o(i.FSMC_GetECC), (18 bytes).
    Removing stm32f2xx_fsmc.o(i.FSMC_GetFlagStatus), (40 bytes).
    Removing stm32f2xx_fsmc.o(i.FSMC_GetITStatus), (48 bytes).
    Removing stm32f2xx_fsmc.o(i.FSMC_ITConfig), (80 bytes).
    Removing stm32f2xx_fsmc.o(i.FSMC_NANDCmd), (56 bytes).
    Removing stm32f2xx_fsmc.o(i.FSMC_NANDDeInit), (40 bytes).
    Removing stm32f2xx_fsmc.o(i.FSMC_NANDECCCmd), (56 bytes).
    Removing stm32f2xx_fsmc.o(i.FSMC_NANDInit), (104 bytes).
    Removing stm32f2xx_fsmc.o(i.FSMC_NANDStructInit), (54 bytes).
    Removing stm32f2xx_fsmc.o(i.FSMC_NORSRAMCmd), (32 bytes).
    Removing stm32f2xx_fsmc.o(i.FSMC_NORSRAMDeInit), (36 bytes).
    Removing stm32f2xx_fsmc.o(i.FSMC_NORSRAMInit), (192 bytes).
    Removing stm32f2xx_fsmc.o(i.FSMC_NORSRAMStructInit), (98 bytes).
    Removing stm32f2xx_fsmc.o(i.FSMC_PCCARDCmd), (32 bytes).
    Removing stm32f2xx_fsmc.o(i.FSMC_PCCARDDeInit), (28 bytes).
    Removing stm32f2xx_fsmc.o(i.FSMC_PCCARDInit), (116 bytes).
    Removing stm32f2xx_fsmc.o(i.FSMC_PCCARDStructInit), (60 bytes).
    Removing stm32f2xx_sdio.o(i.SDIO_CEATAITCmd), (16 bytes).
    Removing stm32f2xx_sdio.o(i.SDIO_ClearFlag), (12 bytes).
    Removing stm32f2xx_sdio.o(i.SDIO_ClearITPendingBit), (12 bytes).
    Removing stm32f2xx_sdio.o(i.SDIO_ClockCmd), (12 bytes).
    Removing stm32f2xx_sdio.o(i.SDIO_CmdStructInit), (14 bytes).
    Removing stm32f2xx_sdio.o(i.SDIO_CommandCompletionCmd), (12 bytes).
    Removing stm32f2xx_sdio.o(i.SDIO_DMACmd), (12 bytes).
    Removing stm32f2xx_sdio.o(i.SDIO_DataConfig), (48 bytes).
    Removing stm32f2xx_sdio.o(i.SDIO_DataStructInit), (20 bytes).
    Removing stm32f2xx_sdio.o(i.SDIO_DeInit), (24 bytes).
    Removing stm32f2xx_sdio.o(i.SDIO_GetCommandResponse), (12 bytes).
    Removing stm32f2xx_sdio.o(i.SDIO_GetDataCounter), (12 bytes).
    Removing stm32f2xx_sdio.o(i.SDIO_GetFIFOCount), (12 bytes).
    Removing stm32f2xx_sdio.o(i.SDIO_GetFlagStatus), (20 bytes).
    Removing stm32f2xx_sdio.o(i.SDIO_GetITStatus), (20 bytes).
    Removing stm32f2xx_sdio.o(i.SDIO_GetPowerState), (16 bytes).
    Removing stm32f2xx_sdio.o(i.SDIO_GetResponse), (12 bytes).
    Removing stm32f2xx_sdio.o(i.SDIO_ITConfig), (24 bytes).
    Removing stm32f2xx_sdio.o(i.SDIO_Init), (44 bytes).
    Removing stm32f2xx_sdio.o(i.SDIO_ReadData), (12 bytes).
    Removing stm32f2xx_sdio.o(i.SDIO_SendCEATACmd), (12 bytes).
    Removing stm32f2xx_sdio.o(i.SDIO_SendCommand), (40 bytes).
    Removing stm32f2xx_sdio.o(i.SDIO_SendSDIOSuspendCmd), (12 bytes).
    Removing stm32f2xx_sdio.o(i.SDIO_SetPowerState), (24 bytes).
    Removing stm32f2xx_sdio.o(i.SDIO_SetSDIOOperation), (12 bytes).
    Removing stm32f2xx_sdio.o(i.SDIO_SetSDIOReadWaitMode), (12 bytes).
    Removing stm32f2xx_sdio.o(i.SDIO_StartSDIOReadWait), (12 bytes).
    Removing stm32f2xx_sdio.o(i.SDIO_StopSDIOReadWait), (12 bytes).
    Removing stm32f2xx_sdio.o(i.SDIO_StructInit), (16 bytes).
    Removing stm32f2xx_sdio.o(i.SDIO_WriteData), (12 bytes).
    Removing startup_stm32f2xx.o(HEAP), (512 bytes).
    Removing stm322xg_eval_lcd.o(i.LCD_Clear), (38 bytes).
    Removing stm322xg_eval_lcd.o(i.LCD_ClearLine), (48 bytes).
    Removing stm322xg_eval_lcd.o(i.LCD_ClosedPolyLine), (34 bytes).
    Removing stm322xg_eval_lcd.o(i.LCD_ClosedPolyLineRelative), (6 bytes).
    Removing stm322xg_eval_lcd.o(i.LCD_CtrlLinesConfig), (308 bytes).
    Removing stm322xg_eval_lcd.o(i.LCD_DeInit), (560 bytes).
    Removing stm322xg_eval_lcd.o(i.LCD_DisplayChar), (32 bytes).
    Removing stm322xg_eval_lcd.o(i.LCD_DisplayOff), (8 bytes).
    Removing stm322xg_eval_lcd.o(i.LCD_DisplayOn), (10 bytes).
    Removing stm322xg_eval_lcd.o(i.LCD_DisplayStringLine), (56 bytes).
    Removing stm322xg_eval_lcd.o(i.LCD_DrawChar), (128 bytes).
    Removing stm322xg_eval_lcd.o(i.LCD_DrawCircle), (264 bytes).
    Removing stm322xg_eval_lcd.o(i.LCD_DrawFullCircle), (176 bytes).
    Removing stm322xg_eval_lcd.o(i.LCD_DrawFullRect), (132 bytes).
    Removing stm322xg_eval_lcd.o(i.LCD_DrawLine), (92 bytes).
    Removing stm322xg_eval_lcd.o(i.LCD_DrawMonoPict), (76 bytes).
    Removing stm322xg_eval_lcd.o(i.LCD_DrawRect), (64 bytes).
    Removing stm322xg_eval_lcd.o(i.LCD_DrawUniLine), (184 bytes).
    Removing stm322xg_eval_lcd.o(i.LCD_FSMCConfig), (88 bytes).
    Removing stm322xg_eval_lcd.o(i.LCD_FillPolyLine), (424 bytes).
    Removing stm322xg_eval_lcd.o(i.LCD_GetColors), (16 bytes).
    Removing stm322xg_eval_lcd.o(i.LCD_GetFont), (12 bytes).
    Removing stm322xg_eval_lcd.o(i.LCD_PolyLine), (40 bytes).
    Removing stm322xg_eval_lcd.o(i.LCD_PolyLineRelative), (6 bytes).
    Removing stm322xg_eval_lcd.o(i.LCD_PolyLineRelativeClosed), (98 bytes).
    Removing stm322xg_eval_lcd.o(i.LCD_PowerOn), (120 bytes).
    Removing stm322xg_eval_lcd.o(i.LCD_ReadRAM), (12 bytes).
    Removing stm322xg_eval_lcd.o(i.LCD_ReadReg), (10 bytes).
    Removing stm322xg_eval_lcd.o(i.LCD_SetBackColor), (12 bytes).
    Removing stm322xg_eval_lcd.o(i.LCD_SetColors), (12 bytes).
    Removing stm322xg_eval_lcd.o(i.LCD_SetCursor), (24 bytes).
    Removing stm322xg_eval_lcd.o(i.LCD_SetDisplayWindow), (74 bytes).
    Removing stm322xg_eval_lcd.o(i.LCD_SetFont), (12 bytes).
    Removing stm322xg_eval_lcd.o(i.LCD_SetTextColor), (12 bytes).
    Removing stm322xg_eval_lcd.o(i.LCD_WindowModeDisable), (30 bytes).
    Removing stm322xg_eval_lcd.o(i.LCD_WriteBMP), (74 bytes).
    Removing stm322xg_eval_lcd.o(i.LCD_WriteRAM), (8 bytes).
    Removing stm322xg_eval_lcd.o(i.LCD_WriteRAM_Prepare), (10 bytes).
    Removing stm322xg_eval_lcd.o(i.LCD_WriteReg), (10 bytes).
    Removing stm322xg_eval_lcd.o(i.PutPixel), (28 bytes).
    Removing stm322xg_eval_lcd.o(i.STM322xG_LCD_Init), (1040 bytes).
    Removing stm322xg_eval_lcd.o(i.delay), (20 bytes).
    Removing stm322xg_eval_lcd.o(.constdata), (4560 bytes).
    Removing stm322xg_eval_lcd.o(.constdata), (2304 bytes).
    Removing stm322xg_eval_lcd.o(.constdata), (2304 bytes).
    Removing stm322xg_eval_lcd.o(.constdata), (1536 bytes).
    Removing stm322xg_eval_lcd.o(.data), (16 bytes).
    Removing stm322xg_eval_lcd.o(.data), (8 bytes).
    Removing stm322xg_eval_lcd.o(.data), (8 bytes).
    Removing stm322xg_eval_lcd.o(.data), (8 bytes).
    Removing main.o(.bss), (16 bytes).
    Removing main.o(.constdata), (44 bytes).
    Removing main.o(.constdata), (44 bytes).
    Removing main.o(.constdata), (44 bytes).
    Removing main.o(.data), (1 bytes).
    Removing main.o(.data), (4 bytes).
    Removing main.o(.data), (4 bytes).
    Removing main.o(.data), (4 bytes).
    Removing dflti.o(.text), (34 bytes).
    Removing dfltui.o(.text), (26 bytes).
    Removing cdcmple.o(.text), (40 bytes).
    Removing cdrcmple.o(.text), (40 bytes).
    Removing depilogue.o(.text), (190 bytes).
    Removing dadd.o(.text), (332 bytes).
    Removing dmul.o(.text), (224 bytes).
    Removing ddiv.o(.text), (222 bytes).
    Removing dfixul.o(.text), (48 bytes).

371 unused section(s) (total 26703 bytes) removed from the image.

==============================================================================

Image Symbol Table

    Local Symbols

    Symbol Name                              Value     Ov Type        Size  Object(Section)

    ../../microlib/division.c                0x00000000   Number         0  uldiv.o ABSOLUTE
    ../../microlib/division.c                0x00000000   Number         0  uidiv.o ABSOLUTE
    ../../microlib/fpadd.c                   0x00000000   Number         0  dadd.o ABSOLUTE
    ../../microlib/fpdiv.c                   0x00000000   Number         0  ddiv.o ABSOLUTE
    ../../microlib/fpepilogue.c              0x00000000   Number         0  depilogue.o ABSOLUTE
    ../../microlib/fpfix.c                   0x00000000   Number         0  dfixul.o ABSOLUTE
    ../../microlib/fpflt.c                   0x00000000   Number         0  dfltui.o ABSOLUTE
    ../../microlib/fpflt.c                   0x00000000   Number         0  dflti.o ABSOLUTE
    ../../microlib/fpmul.c                   0x00000000   Number         0  dmul.o ABSOLUTE
    ../../microlib/init/entry.s              0x00000000   Number         0  entry5.o ABSOLUTE
    ../../microlib/init/entry.s              0x00000000   Number         0  entry8.o ABSOLUTE
    ../../microlib/init/entry.s              0x00000000   Number         0  entry7a.o ABSOLUTE
    ../../microlib/init/entry.s              0x00000000   Number         0  entry7b.o ABSOLUTE
    ../../microlib/init/entry.s              0x00000000   Number         0  entry.o ABSOLUTE
    ../../microlib/init/entry.s              0x00000000   Number         0  entry2.o ABSOLUTE
    ../../microlib/longlong.c                0x00000000   Number         0  llsshr.o ABSOLUTE
    ../../microlib/longlong.c                0x00000000   Number         0  llushr.o ABSOLUTE
    ../../microlib/longlong.c                0x00000000   Number         0  llshl.o ABSOLUTE
    ../../microlib/printf/printf.c           0x00000000   Number         0  printf5.o ABSOLUTE
    ../../microlib/printf/printf.c           0x00000000   Number         0  printf4.o ABSOLUTE
    ../../microlib/printf/printf.c           0x00000000   Number         0  printf2.o ABSOLUTE
    ../../microlib/printf/printf.c           0x00000000   Number         0  printf1.o ABSOLUTE
    ../../microlib/printf/printf.c           0x00000000   Number         0  printfb.o ABSOLUTE
    ../../microlib/printf/printf.c           0x00000000   Number         0  printf0.o ABSOLUTE
    ../../microlib/printf/printf.c           0x00000000   Number         0  printf3.o ABSOLUTE
    ../../microlib/printf/printf.c           0x00000000   Number         0  printfa.o ABSOLUTE
    ../../microlib/printf/printf.c           0x00000000   Number         0  printf8.o ABSOLUTE
    ../../microlib/printf/printf.c           0x00000000   Number         0  printf7.o ABSOLUTE
    ../../microlib/printf/printf.c           0x00000000   Number         0  printf6.o ABSOLUTE
    ../../microlib/printf/stubs.s            0x00000000   Number         0  stubs.o ABSOLUTE
    ../../microlib/stdio/streams.c           0x00000000   Number         0  stdout.o ABSOLUTE
    ../../microlib/stubs.s                   0x00000000   Number         0  iusefp.o ABSOLUTE
    ..\..\..\..\..\Libraries\CMSIS\CM3\DeviceSupport\ST\STM32F2xx\startup\arm\startup_stm32f2xx.s 0x00000000   Number         0  startup_stm32f2xx.o ABSOLUTE
    ..\..\..\..\..\Libraries\STM32F10x_StdPeriph_Driver\src\misc.c 0x00000000   Number         0  misc.o ABSOLUTE
    ..\..\..\..\..\Libraries\STM32F2xx_StdPeriph_Driver\src\stm32f2xx_dma.c 0x00000000   Number         0  stm32f2xx_dma.o ABSOLUTE
    ..\..\..\..\..\Libraries\STM32F2xx_StdPeriph_Driver\src\stm32f2xx_exti.c 0x00000000   Number         0  stm32f2xx_exti.o ABSOLUTE
    ..\..\..\..\..\Libraries\STM32F2xx_StdPeriph_Driver\src\stm32f2xx_fsmc.c 0x00000000   Number         0  stm32f2xx_fsmc.o ABSOLUTE
    ..\..\..\..\..\Libraries\STM32F2xx_StdPeriph_Driver\src\stm32f2xx_gpio.c 0x00000000   Number         0  stm32f2xx_gpio.o ABSOLUTE
    ..\..\..\..\..\Libraries\STM32F2xx_StdPeriph_Driver\src\stm32f2xx_i2c.c 0x00000000   Number         0  stm32f2xx_i2c.o ABSOLUTE
    ..\..\..\..\..\Libraries\STM32F2xx_StdPeriph_Driver\src\stm32f2xx_rcc.c 0x00000000   Number         0  stm32f2xx_rcc.o ABSOLUTE
    ..\..\..\..\..\Libraries\STM32F2xx_StdPeriph_Driver\src\stm32f2xx_sdio.c 0x00000000   Number         0  stm32f2xx_sdio.o ABSOLUTE
    ..\..\..\..\..\Libraries\STM32F2xx_StdPeriph_Driver\src\stm32f2xx_syscfg.c 0x00000000   Number         0  stm32f2xx_syscfg.o ABSOLUTE
    ..\..\..\..\..\Libraries\STM32F2xx_StdPeriph_Driver\src\stm32f2xx_tim.c 0x00000000   Number         0  stm32f2xx_tim.o ABSOLUTE
    ..\..\..\..\..\Libraries\STM32F2xx_StdPeriph_Driver\src\stm32f2xx_usart.c 0x00000000   Number         0  stm32f2xx_usart.o ABSOLUTE
    ..\..\..\..\..\Libraries\STM32_CPAL_Driver\devices\stm32f2xx\cpal_i2c_hal_stm32f2xx.c 0x00000000   Number         0  cpal_i2c_hal_stm32f2xx.o ABSOLUTE
    ..\..\..\..\..\Libraries\STM32_CPAL_Driver\src\cpal_hal.c 0x00000000   Number         0  cpal_hal.o ABSOLUTE
    ..\..\..\..\..\Libraries\STM32_CPAL_Driver\src\cpal_i2c.c 0x00000000   Number         0  cpal_i2c.o ABSOLUTE
    ..\..\..\..\..\Utilities\STM32_EVAL\STM322xG_EVAL\stm322xg_eval_lcd.c 0x00000000   Number         0  stm322xg_eval_lcd.o ABSOLUTE
    ..\..\..\..\..\Utilities\STM32_EVAL\stm32_eval.c 0x00000000   Number         0  stm32_eval.o ABSOLUTE
    ..\..\..\..\..\Utilities\STM32_EVAL_CPAL\STM322xG_EVAL\Printf.c 0x00000000   Number         0  printf.o ABSOLUTE
    ..\..\..\..\..\Utilities\STM32_EVAL_CPAL\STM322xG_EVAL\stm322xg_eval_bmp085_cpal.c 0x00000000   Number         0  stm322xg_eval_bmp085_cpal.o ABSOLUTE
    ..\cpal_usercallback.c                   0x00000000   Number         0  cpal_usercallback.o ABSOLUTE
    ..\main.c                                0x00000000   Number         0  main.o ABSOLUTE
    ..\stm32_it.c                            0x00000000   Number         0  stm32_it.o ABSOLUTE
    ..\system_stm32f2xx.c                    0x00000000   Number         0  system_stm32f2xx.o ABSOLUTE
    cdcmple.s                                0x00000000   Number         0  cdcmple.o ABSOLUTE
    cdrcmple.s                               0x00000000   Number         0  cdrcmple.o ABSOLUTE
    dc.s                                     0x00000000   Number         0  dc.o ABSOLUTE
    handlers.s                               0x00000000   Number         0  handlers.o ABSOLUTE
    init.s                                   0x00000000   Number         0  init.o ABSOLUTE
    RESET                                    0x08000000   Section      388  startup_stm32f2xx.o(RESET)
    .ARM.Collect$$$$00000000                 0x08000184   Section        0  entry.o(.ARM.Collect$$$$00000000)
    .ARM.Collect$$$$00000001                 0x08000184   Section        4  entry2.o(.ARM.Collect$$$$00000001)
    .ARM.Collect$$$$00000004                 0x08000188   Section        4  entry5.o(.ARM.Collect$$$$00000004)
    .ARM.Collect$$$$00000008                 0x0800018c   Section        0  entry7b.o(.ARM.Collect$$$$00000008)
    .ARM.Collect$$$$00000009                 0x0800018c   Section        8  entry8.o(.ARM.Collect$$$$00000009)
    .ARM.Collect$$$$00002712                 0x08000194   Section        4  entry2.o(.ARM.Collect$$$$00002712)
    __lit__00000000                          0x08000194   Data           4  entry2.o(.ARM.Collect$$$$00002712)
    .text                                    0x08000198   Section       36  startup_stm32f2xx.o(.text)
    .text                                    0x080001bc   Section        0  uldiv.o(.text)
    .text                                    0x08000220   Section       36  init.o(.text)
    .text                                    0x08000244   Section        0  llshl.o(.text)
    .text                                    0x08000262   Section        0  llushr.o(.text)
    i.BMP085_CalPressure                     0x08000284   Section        0  stm322xg_eval_bmp085_cpal.o(i.BMP085_CalPressure)
    i.BMP085_CalTemperature                  0x0800039c   Section        0  stm322xg_eval_bmp085_cpal.o(i.BMP085_CalTemperature)
    i.BMP085_Config                          0x080003f8   Section        0  stm322xg_eval_bmp085_cpal.o(i.BMP085_Config)
    i.BMP085_GetRawPressure                  0x08000454   Section        0  stm322xg_eval_bmp085_cpal.o(i.BMP085_GetRawPressure)
    i.BMP085_GetRawTemperature               0x080004d0   Section        0  stm322xg_eval_bmp085_cpal.o(i.BMP085_GetRawTemperature)
    i.BusFault_Handler                       0x08000544   Section        0  stm32_it.o(i.BusFault_Handler)
    i.CPAL_HAL_NVICInit                      0x08000546   Section        0  cpal_hal.o(i.CPAL_HAL_NVICInit)
    i.CPAL_I2C_DMA_RX_IRQHandler             0x08000550   Section        0  cpal_i2c.o(i.CPAL_I2C_DMA_RX_IRQHandler)
    i.CPAL_I2C_DMA_TX_IRQHandler             0x080006b4   Section        0  cpal_i2c.o(i.CPAL_I2C_DMA_TX_IRQHandler)
    i.CPAL_I2C_DeInit                        0x08000828   Section        0  cpal_i2c.o(i.CPAL_I2C_DeInit)
    i.CPAL_I2C_ERR_UserCallback              0x08000888   Section        0  cpal_usercallback.o(i.CPAL_I2C_ERR_UserCallback)
    i.CPAL_I2C_ER_IRQHandler                 0x080008bc   Section        0  cpal_i2c.o(i.CPAL_I2C_ER_IRQHandler)
    i.CPAL_I2C_EV_IRQHandler                 0x08000950   Section        0  cpal_i2c.o(i.CPAL_I2C_EV_IRQHandler)
    i.CPAL_I2C_HAL_CLKDeInit                 0x080009c0   Section        0  cpal_i2c_hal_stm32f2xx.o(i.CPAL_I2C_HAL_CLKDeInit)
    i.CPAL_I2C_HAL_CLKInit                   0x080009ec   Section        0  cpal_i2c_hal_stm32f2xx.o(i.CPAL_I2C_HAL_CLKInit)
    i.CPAL_I2C_HAL_DMADeInit                 0x08000a18   Section        0  cpal_i2c_hal_stm32f2xx.o(i.CPAL_I2C_HAL_DMADeInit)
    i.CPAL_I2C_HAL_DMAInit                   0x08000a48   Section        0  cpal_i2c_hal_stm32f2xx.o(i.CPAL_I2C_HAL_DMAInit)
    i.CPAL_I2C_HAL_DMARXConfig               0x08000ad0   Section        0  cpal_i2c_hal_stm32f2xx.o(i.CPAL_I2C_HAL_DMARXConfig)
    i.CPAL_I2C_HAL_DMATXConfig               0x08000b1c   Section        0  cpal_i2c_hal_stm32f2xx.o(i.CPAL_I2C_HAL_DMATXConfig)
    i.CPAL_I2C_HAL_GPIODeInit                0x08000b68   Section        0  cpal_i2c_hal_stm32f2xx.o(i.CPAL_I2C_HAL_GPIODeInit)
    i.CPAL_I2C_HAL_GPIOInit                  0x08000bb0   Section        0  cpal_i2c_hal_stm32f2xx.o(i.CPAL_I2C_HAL_GPIOInit)
    i.CPAL_I2C_HAL_ITDeInit                  0x08000c48   Section        0  cpal_i2c_hal_stm32f2xx.o(i.CPAL_I2C_HAL_ITDeInit)
    i.CPAL_I2C_HAL_ITInit                    0x08000cb0   Section        0  cpal_i2c_hal_stm32f2xx.o(i.CPAL_I2C_HAL_ITInit)
    i.CPAL_I2C_Init                          0x08000de4   Section        0  cpal_i2c.o(i.CPAL_I2C_Init)
    i.CPAL_I2C_RXTC_UserCallback             0x08000f04   Section        0  cpal_usercallback.o(i.CPAL_I2C_RXTC_UserCallback)
    i.CPAL_I2C_Read                          0x08000f28   Section        0  cpal_i2c.o(i.CPAL_I2C_Read)
    i.CPAL_I2C_StructInit                    0x080010e4   Section        0  cpal_i2c.o(i.CPAL_I2C_StructInit)
    i.CPAL_I2C_TXTC_UserCallback             0x08001128   Section        0  cpal_usercallback.o(i.CPAL_I2C_TXTC_UserCallback)
    i.CPAL_I2C_Timeout                       0x0800112a   Section        0  cpal_i2c.o(i.CPAL_I2C_Timeout)
    CPAL_I2C_Timeout                         0x0800112b   Thumb Code    18  cpal_i2c.o(i.CPAL_I2C_Timeout)
    i.CPAL_I2C_Write                         0x0800113c   Section        0  cpal_i2c.o(i.CPAL_I2C_Write)
    i.CPAL_TIMEOUT_UserCallback              0x080011f4   Section        0  cpal_usercallback.o(i.CPAL_TIMEOUT_UserCallback)
    i.DMA1_Stream0_IRQHandler                0x08001220   Section        0  cpal_i2c_hal_stm32f2xx.o(i.DMA1_Stream0_IRQHandler)
    i.DMA1_Stream6_IRQHandler                0x0800122c   Section        0  cpal_i2c_hal_stm32f2xx.o(i.DMA1_Stream6_IRQHandler)
    i.DMA_DeInit                             0x08001238   Section        0  stm32f2xx_dma.o(i.DMA_DeInit)
    i.DMA_Init                               0x0800135c   Section        0  stm32f2xx_dma.o(i.DMA_Init)
    i.DebugMon_Handler                       0x080013b0   Section        0  stm32_it.o(i.DebugMon_Handler)
    i.EXTI15_10_IRQHandler                   0x080013b4   Section        0  stm32_it.o(i.EXTI15_10_IRQHandler)
    i.EXTI_ClearFlag                         0x0800140c   Section        0  stm32f2xx_exti.o(i.EXTI_ClearFlag)
    i.EXTI_ClearITPendingBit                 0x08001418   Section        0  stm32f2xx_exti.o(i.EXTI_ClearITPendingBit)
    i.EXTI_GetFlagStatus                     0x08001424   Section        0  stm32f2xx_exti.o(i.EXTI_GetFlagStatus)
    i.GPIO_Init                              0x08001438   Section        0  stm32f2xx_gpio.o(i.GPIO_Init)
    i.GPIO_PinAFConfig                       0x080014b4   Section        0  stm32f2xx_gpio.o(i.GPIO_PinAFConfig)
    i.HardFault_Handler                      0x080014d4   Section        0  stm32_it.o(i.HardFault_Handler)
    i.I2C1_ER_IRQHandler                     0x080014d8   Section        0  cpal_i2c_hal_stm32f2xx.o(i.I2C1_ER_IRQHandler)
    i.I2C1_EV_IRQHandler                     0x080014e8   Section        0  cpal_i2c_hal_stm32f2xx.o(i.I2C1_EV_IRQHandler)
    i.I2C_Enable_DMA_IT                      0x080014f4   Section        0  cpal_i2c.o(i.I2C_Enable_DMA_IT)
    I2C_Enable_DMA_IT                        0x080014f5   Thumb Code   148  cpal_i2c.o(i.I2C_Enable_DMA_IT)
    i.I2C_Init                               0x08001594   Section        0  stm32f2xx_i2c.o(i.I2C_Init)
    i.I2C_MASTER_ADDR_Handle                 0x08001648   Section        0  cpal_i2c.o(i.I2C_MASTER_ADDR_Handle)
    I2C_MASTER_ADDR_Handle                   0x08001649   Thumb Code   274  cpal_i2c.o(i.I2C_MASTER_ADDR_Handle)
    i.I2C_ReadDataBuffer                     0x08001760   Section        0  stm322xg_eval_bmp085_cpal.o(i.I2C_ReadDataBuffer)
    i.I2C_WriteDeviceRegister                0x080017a8   Section        0  stm322xg_eval_bmp085_cpal.o(i.I2C_WriteDeviceRegister)
    i.MemManage_Handler                      0x080017e8   Section        0  stm32_it.o(i.MemManage_Handler)
    i.NMI_Handler                            0x080017ea   Section        0  stm32_it.o(i.NMI_Handler)
    i.NVIC_Init                              0x080017ec   Section        0  misc.o(i.NVIC_Init)
    i.NVIC_PriorityGroupConfig               0x08001850   Section        0  misc.o(i.NVIC_PriorityGroupConfig)
    i.NVIC_SetPriority                       0x08001864   Section        0  cpal_i2c.o(i.NVIC_SetPriority)
    NVIC_SetPriority                         0x08001865   Thumb Code    22  cpal_i2c.o(i.NVIC_SetPriority)
    i.PendSV_Handler                         0x08001884   Section        0  stm32_it.o(i.PendSV_Handler)
    i.Printf_Init                            0x08001888   Section        0  printf.o(i.Printf_Init)
    i.RCC_AHB1PeriphClockCmd                 0x08001980   Section        0  stm32f2xx_rcc.o(i.RCC_AHB1PeriphClockCmd)
    i.RCC_APB1PeriphClockCmd                 0x08001998   Section        0  stm32f2xx_rcc.o(i.RCC_APB1PeriphClockCmd)
    i.RCC_APB1PeriphResetCmd                 0x080019b0   Section        0  stm32f2xx_rcc.o(i.RCC_APB1PeriphResetCmd)
    i.RCC_GetClocksFreq                      0x080019c8   Section        0  stm32f2xx_rcc.o(i.RCC_GetClocksFreq)
    i.ReadCalibration                        0x08001a60   Section        0  stm322xg_eval_bmp085_cpal.o(i.ReadCalibration)
    ReadCalibration                          0x08001a61   Thumb Code   222  stm322xg_eval_bmp085_cpal.o(i.ReadCalibration)
    i.STM_EVAL_COMInit                       0x08001bf4   Section        0  stm32_eval.o(i.STM_EVAL_COMInit)
    i.STM_EVAL_LEDToggle                     0x08001cac   Section        0  stm32_eval.o(i.STM_EVAL_LEDToggle)
    i.SVC_Handler                            0x08001cc8   Section        0  stm32_it.o(i.SVC_Handler)
    i.SetSysClock                            0x08001ccc   Section        0  system_stm32f2xx.o(i.SetSysClock)
    SetSysClock                              0x08001ccd   Thumb Code   118  system_stm32f2xx.o(i.SetSysClock)
    i.SysTick_Handler                        0x08001d50   Section        0  cpal_i2c.o(i.SysTick_Handler)
    i.SystemCoreClockUpdate                  0x08001da0   Section        0  system_stm32f2xx.o(i.SystemCoreClockUpdate)
    i.SystemInit                             0x08001e1c   Section        0  system_stm32f2xx.o(i.SystemInit)
    i.TIM6_DAC_IRQHandler                    0x08001e6c   Section        0  stm32_it.o(i.TIM6_DAC_IRQHandler)
    i.TIM7_IRQHandler                        0x08001e9c   Section        0  stm32_it.o(i.TIM7_IRQHandler)
    i.TIM_ClearITPendingBit                  0x08001ee8   Section        0  stm32f2xx_tim.o(i.TIM_ClearITPendingBit)
    i.TIM_Cmd                                0x08001eee   Section        0  stm32f2xx_tim.o(i.TIM_Cmd)
    i.TIM_GetITStatus                        0x08001f02   Section        0  stm32f2xx_tim.o(i.TIM_GetITStatus)
    i.TIM_ITConfig                           0x08001f18   Section        0  stm32f2xx_tim.o(i.TIM_ITConfig)
    i.TIM_TimeBaseInit                       0x08001f28   Section        0  stm32f2xx_tim.o(i.TIM_TimeBaseInit)
    i.USART_Cmd                              0x08001fa4   Section        0  stm32f2xx_usart.o(i.USART_Cmd)
    i.USART_GetFlagStatus                    0x08001fb8   Section        0  stm32f2xx_usart.o(i.USART_GetFlagStatus)
    i.USART_Init                             0x08001fc8   Section        0  stm32f2xx_usart.o(i.USART_Init)
    i.USART_SendData                         0x08002080   Section        0  stm32f2xx_usart.o(i.USART_SendData)
    i.UsageFault_Handler                     0x08002088   Section        0  stm32_it.o(i.UsageFault_Handler)
    i.__0printf$5                            0x0800208c   Section        0  printf5.o(i.__0printf$5)
    i.__scatterload_copy                     0x080020ac   Section       14  handlers.o(i.__scatterload_copy)
    i.__scatterload_null                     0x080020ba   Section        2  handlers.o(i.__scatterload_null)
    i.__scatterload_zeroinit                 0x080020bc   Section       14  handlers.o(i.__scatterload_zeroinit)
    i._printf_core                           0x080020cc   Section        0  printf5.o(i._printf_core)
    _printf_core                             0x080020cd   Thumb Code   676  printf5.o(i._printf_core)
    i.delay                                  0x0800239c   Section        0  stm322xg_eval_bmp085_cpal.o(i.delay)
    delay                                    0x0800239d   Thumb Code    14  stm322xg_eval_bmp085_cpal.o(i.delay)
    i.fputc                                  0x080023b0   Section        0  printf.o(i.fputc)
    i.main                                   0x080023d4   Section        0  main.o(i.main)
    .constdata                               0x08002454   Section       80  stm32_eval.o(.constdata)
    .constdata                               0x080024a4   Section       96  printf.o(.constdata)
    .constdata                               0x08002504   Section        4  stm322xg_eval_bmp085_cpal.o(.constdata)
    .constdata                               0x08002508   Section      144  cpal_i2c_hal_stm32f2xx.o(.constdata)
    .constdata                               0x08002598   Section       12  cpal_i2c_hal_stm32f2xx.o(.constdata)
    .constdata                               0x080025a4   Section       12  cpal_i2c_hal_stm32f2xx.o(.constdata)
    .constdata                               0x080025b0   Section       12  cpal_i2c_hal_stm32f2xx.o(.constdata)
    .constdata                               0x080025bc   Section       12  cpal_i2c_hal_stm32f2xx.o(.constdata)
    .constdata                               0x080025c8   Section       12  cpal_i2c_hal_stm32f2xx.o(.constdata)
    .constdata                               0x080025d4   Section       12  cpal_i2c_hal_stm32f2xx.o(.constdata)
    .constdata                               0x080025e0   Section       78  main.o(.constdata)
    .data                                    0x20000000   Section       44  stm32_eval.o(.data)
    .data                                    0x2000002c   Section       26  stm322xg_eval_bmp085_cpal.o(.data)
    .data                                    0x20000046   Section       16  stm32f2xx_rcc.o(.data)
    APBAHBPrescTable                         0x20000046   Data          16  stm32f2xx_rcc.o(.data)
    .data                                    0x20000058   Section       12  cpal_i2c_hal_stm32f2xx.o(.data)
    .data                                    0x20000064   Section       92  cpal_i2c_hal_stm32f2xx.o(.data)
    .data                                    0x200000c0   Section       12  cpal_i2c_hal_stm32f2xx.o(.data)
    .data                                    0x200000cc   Section       20  system_stm32f2xx.o(.data)
    .data                                    0x200000e0   Section        4  main.o(.data)
    .data                                    0x200000e4   Section        4  main.o(.data)
    .data                                    0x200000e8   Section        4  main.o(.data)
    .data                                    0x200000ec   Section        4  stdout.o(.data)
    .bss                                     0x200000f0   Section       16  cpal_i2c.o(.bss)
    .bss                                     0x20000100   Section       32  stm322xg_eval_bmp085_cpal.o(.bss)
    .bss                                     0x20000120   Section       60  cpal_i2c_hal_stm32f2xx.o(.bss)
    .bss                                     0x2000015c   Section       16  main.o(.bss)
    .bss                                     0x2000016c   Section      200  main.o(.bss)
    STACK                                    0x20000238   Section     1024  startup_stm32f2xx.o(STACK)

    Global Symbols

    Symbol Name                              Value     Ov Type        Size  Object(Section)

    BuildAttributes$$THM_ISAv4$P$D$K$B$S$PE$A:L22UL41UL21$X:L11$S22US41US21$IEEE1$IW$USESV6$~STKCKD$USESV7$~SHL$OSPACE$ROPI$EBA8$MICROLIB$REQ8$PRES8$EABIv2 0x00000000   Number         0  anon$$obj.o ABSOLUTE
    __ARM_use_no_argv                        0x00000000   Number         0  main.o ABSOLUTE
    _printf_a                                0x00000000   Number         0  stubs.o ABSOLUTE
    _printf_c                                0x00000000   Number         0  stubs.o ABSOLUTE
    _printf_charcount                        0x00000000   Number         0  stubs.o ABSOLUTE
    _printf_d                                0x00000000   Number         0  stubs.o ABSOLUTE
    _printf_e                                0x00000000   Number         0  stubs.o ABSOLUTE
    _printf_f                                0x00000000   Number         0  stubs.o ABSOLUTE
    _printf_flags                            0x00000000   Number         0  stubs.o ABSOLUTE
    _printf_fp_dec                           0x00000000   Number         0  stubs.o ABSOLUTE
    _printf_fp_hex                           0x00000000   Number         0  stubs.o ABSOLUTE
    _printf_g                                0x00000000   Number         0  stubs.o ABSOLUTE
    _printf_i                                0x00000000   Number         0  stubs.o ABSOLUTE
    _printf_int_dec                          0x00000000   Number         0  stubs.o ABSOLUTE
    _printf_l                                0x00000000   Number         0  stubs.o ABSOLUTE
    _printf_lc                               0x00000000   Number         0  stubs.o ABSOLUTE
    _printf_ll                               0x00000000   Number         0  stubs.o ABSOLUTE
    _printf_lld                              0x00000000   Number         0  stubs.o ABSOLUTE
    _printf_lli                              0x00000000   Number         0  stubs.o ABSOLUTE
    _printf_llo                              0x00000000   Number         0  stubs.o ABSOLUTE
    _printf_llu                              0x00000000   Number         0  stubs.o ABSOLUTE
    _printf_llx                              0x00000000   Number         0  stubs.o ABSOLUTE
    _printf_longlong_dec                     0x00000000   Number         0  stubs.o ABSOLUTE
    _printf_longlong_hex                     0x00000000   Number         0  stubs.o ABSOLUTE
    _printf_longlong_oct                     0x00000000   Number         0  stubs.o ABSOLUTE
    _printf_ls                               0x00000000   Number         0  stubs.o ABSOLUTE
    _printf_mbtowc                           0x00000000   Number         0  stubs.o ABSOLUTE
    _printf_n                                0x00000000   Number         0  stubs.o ABSOLUTE
    _printf_o                                0x00000000   Number         0  stubs.o ABSOLUTE
    _printf_p                                0x00000000   Number         0  stubs.o ABSOLUTE
    _printf_percent                          0x00000000   Number         0  stubs.o ABSOLUTE
    _printf_pre_padding                      0x00000000   Number         0  stubs.o ABSOLUTE
    _printf_return_value                     0x00000000   Number         0  stubs.o ABSOLUTE
    _printf_s                                0x00000000   Number         0  stubs.o ABSOLUTE
    _printf_sizespec                         0x00000000   Number         0  stubs.o ABSOLUTE
    _printf_str                              0x00000000   Number         0  stubs.o ABSOLUTE
    _printf_truncate_signed                  0x00000000   Number         0  stubs.o ABSOLUTE
    _printf_truncate_unsigned                0x00000000   Number         0  stubs.o ABSOLUTE
    _printf_u                                0x00000000   Number         0  stubs.o ABSOLUTE
    _printf_wc                               0x00000000   Number         0  stubs.o ABSOLUTE
    _printf_wctomb                           0x00000000   Number         0  stubs.o ABSOLUTE
    _printf_widthprec                        0x00000000   Number         0  stubs.o ABSOLUTE
    _printf_x                                0x00000000   Number         0  stubs.o ABSOLUTE
    __decompress                              - Undefined Weak Reference
    _clock_init                               - Undefined Weak Reference
    __Vectors_Size                           0x00000184   Number         0  startup_stm32f2xx.o ABSOLUTE
    __Vectors                                0x08000000   Data           4  startup_stm32f2xx.o(RESET)
    __Vectors_End                            0x08000184   Data           0  startup_stm32f2xx.o(RESET)
    __main                                   0x08000185   Thumb Code     0  entry.o(.ARM.Collect$$$$00000000)
    _main_stk                                0x08000185   Thumb Code     0  entry2.o(.ARM.Collect$$$$00000001)
    _main_scatterload                        0x08000189   Thumb Code     0  entry5.o(.ARM.Collect$$$$00000004)
    __main_after_scatterload                 0x0800018d   Thumb Code     0  entry5.o(.ARM.Collect$$$$00000004)
    _main_clock                              0x0800018d   Thumb Code     0  entry7b.o(.ARM.Collect$$$$00000008)
    _main_init                               0x0800018d   Thumb Code     0  entry8.o(.ARM.Collect$$$$00000009)
    Reset_Handler                            0x08000199   Thumb Code     8  startup_stm32f2xx.o(.text)
    ADC_IRQHandler                           0x080001b3   Thumb Code     0  startup_stm32f2xx.o(.text)
    CAN1_RX0_IRQHandler                      0x080001b3   Thumb Code     0  startup_stm32f2xx.o(.text)
    CAN1_RX1_IRQHandler                      0x080001b3   Thumb Code     0  startup_stm32f2xx.o(.text)
    CAN1_SCE_IRQHandler                      0x080001b3   Thumb Code     0  startup_stm32f2xx.o(.text)
    CAN1_TX_IRQHandler                       0x080001b3   Thumb Code     0  startup_stm32f2xx.o(.text)
    CAN2_RX0_IRQHandler                      0x080001b3   Thumb Code     0  startup_stm32f2xx.o(.text)
    CAN2_RX1_IRQHandler                      0x080001b3   Thumb Code     0  startup_stm32f2xx.o(.text)
    CAN2_SCE_IRQHandler                      0x080001b3   Thumb Code     0  startup_stm32f2xx.o(.text)
    CAN2_TX_IRQHandler                       0x080001b3   Thumb Code     0  startup_stm32f2xx.o(.text)
    CRYP_IRQHandler                          0x080001b3   Thumb Code     0  startup_stm32f2xx.o(.text)
    DCMI_IRQHandler                          0x080001b3   Thumb Code     0  startup_stm32f2xx.o(.text)
    DMA1_Stream1_IRQHandler                  0x080001b3   Thumb Code     0  startup_stm32f2xx.o(.text)
    DMA1_Stream2_IRQHandler                  0x080001b3   Thumb Code     0  startup_stm32f2xx.o(.text)
    DMA1_Stream3_IRQHandler                  0x080001b3   Thumb Code     0  startup_stm32f2xx.o(.text)
    DMA1_Stream4_IRQHandler                  0x080001b3   Thumb Code     0  startup_stm32f2xx.o(.text)
    DMA1_Stream5_IRQHandler                  0x080001b3   Thumb Code     0  startup_stm32f2xx.o(.text)
    DMA1_Stream7_IRQHandler                  0x080001b3   Thumb Code     0  startup_stm32f2xx.o(.text)
    DMA2_Stream0_IRQHandler                  0x080001b3   Thumb Code     0  startup_stm32f2xx.o(.text)
    DMA2_Stream1_IRQHandler                  0x080001b3   Thumb Code     0  startup_stm32f2xx.o(.text)
    DMA2_Stream2_IRQHandler                  0x080001b3   Thumb Code     0  startup_stm32f2xx.o(.text)
    DMA2_Stream3_IRQHandler                  0x080001b3   Thumb Code     0  startup_stm32f2xx.o(.text)
    DMA2_Stream4_IRQHandler                  0x080001b3   Thumb Code     0  startup_stm32f2xx.o(.text)
    DMA2_Stream5_IRQHandler                  0x080001b3   Thumb Code     0  startup_stm32f2xx.o(.text)
    DMA2_Stream6_IRQHandler                  0x080001b3   Thumb Code     0  startup_stm32f2xx.o(.text)
    DMA2_Stream7_IRQHandler                  0x080001b3   Thumb Code     0  startup_stm32f2xx.o(.text)
    ETH_IRQHandler                           0x080001b3   Thumb Code     0  startup_stm32f2xx.o(.text)
    ETH_WKUP_IRQHandler                      0x080001b3   Thumb Code     0  startup_stm32f2xx.o(.text)
    EXTI0_IRQHandler                         0x080001b3   Thumb Code     0  startup_stm32f2xx.o(.text)
    EXTI1_IRQHandler                         0x080001b3   Thumb Code     0  startup_stm32f2xx.o(.text)
    EXTI2_IRQHandler                         0x080001b3   Thumb Code     0  startup_stm32f2xx.o(.text)
    EXTI3_IRQHandler                         0x080001b3   Thumb Code     0  startup_stm32f2xx.o(.text)
    EXTI4_IRQHandler                         0x080001b3   Thumb Code     0  startup_stm32f2xx.o(.text)
    EXTI9_5_IRQHandler                       0x080001b3   Thumb Code     0  startup_stm32f2xx.o(.text)
    FLASH_IRQHandler                         0x080001b3   Thumb Code     0  startup_stm32f2xx.o(.text)
    FSMC_IRQHandler                          0x080001b3   Thumb Code     0  startup_stm32f2xx.o(.text)
    HASH_RNG_IRQHandler                      0x080001b3   Thumb Code     0  startup_stm32f2xx.o(.text)
    I2C2_ER_IRQHandler                       0x080001b3   Thumb Code     0  startup_stm32f2xx.o(.text)
    I2C2_EV_IRQHandler                       0x080001b3   Thumb Code     0  startup_stm32f2xx.o(.text)
    I2C3_ER_IRQHandler                       0x080001b3   Thumb Code     0  startup_stm32f2xx.o(.text)
    I2C3_EV_IRQHandler                       0x080001b3   Thumb Code     0  startup_stm32f2xx.o(.text)
    OTG_FS_IRQHandler                        0x080001b3   Thumb Code     0  startup_stm32f2xx.o(.text)
    OTG_FS_WKUP_IRQHandler                   0x080001b3   Thumb Code     0  startup_stm32f2xx.o(.text)
    OTG_HS_EP1_IN_IRQHandler                 0x080001b3   Thumb Code     0  startup_stm32f2xx.o(.text)
    OTG_HS_EP1_OUT_IRQHandler                0x080001b3   Thumb Code     0  startup_stm32f2xx.o(.text)
    OTG_HS_IRQHandler                        0x080001b3   Thumb Code     0  startup_stm32f2xx.o(.text)
    OTG_HS_WKUP_IRQHandler                   0x080001b3   Thumb Code     0  startup_stm32f2xx.o(.text)
    PVD_IRQHandler                           0x080001b3   Thumb Code     0  startup_stm32f2xx.o(.text)
    RCC_IRQHandler                           0x080001b3   Thumb Code     0  startup_stm32f2xx.o(.text)
    RTC_Alarm_IRQHandler                     0x080001b3   Thumb Code     0  startup_stm32f2xx.o(.text)
    RTC_WKUP_IRQHandler                      0x080001b3   Thumb Code     0  startup_stm32f2xx.o(.text)
    SDIO_IRQHandler                          0x080001b3   Thumb Code     0  startup_stm32f2xx.o(.text)
    SPI1_IRQHandler                          0x080001b3   Thumb Code     0  startup_stm32f2xx.o(.text)
    SPI2_IRQHandler                          0x080001b3   Thumb Code     0  startup_stm32f2xx.o(.text)
    SPI3_IRQHandler                          0x080001b3   Thumb Code     0  startup_stm32f2xx.o(.text)
    TAMP_STAMP_IRQHandler                    0x080001b3   Thumb Code     0  startup_stm32f2xx.o(.text)
    TIM1_BRK_TIM9_IRQHandler                 0x080001b3   Thumb Code     0  startup_stm32f2xx.o(.text)
    TIM1_CC_IRQHandler                       0x080001b3   Thumb Code     0  startup_stm32f2xx.o(.text)
    TIM1_TRG_COM_TIM11_IRQHandler            0x080001b3   Thumb Code     0  startup_stm32f2xx.o(.text)
    TIM1_UP_TIM10_IRQHandler                 0x080001b3   Thumb Code     0  startup_stm32f2xx.o(.text)
    TIM2_IRQHandler                          0x080001b3   Thumb Code     0  startup_stm32f2xx.o(.text)
    TIM3_IRQHandler                          0x080001b3   Thumb Code     0  startup_stm32f2xx.o(.text)
    TIM4_IRQHandler                          0x080001b3   Thumb Code     0  startup_stm32f2xx.o(.text)
    TIM5_IRQHandler                          0x080001b3   Thumb Code     0  startup_stm32f2xx.o(.text)
    TIM8_BRK_TIM12_IRQHandler                0x080001b3   Thumb Code     0  startup_stm32f2xx.o(.text)
    TIM8_CC_IRQHandler                       0x080001b3   Thumb Code     0  startup_stm32f2xx.o(.text)
    TIM8_TRG_COM_TIM14_IRQHandler            0x080001b3   Thumb Code     0  startup_stm32f2xx.o(.text)
    TIM8_UP_TIM13_IRQHandler                 0x080001b3   Thumb Code     0  startup_stm32f2xx.o(.text)
    UART4_IRQHandler                         0x080001b3   Thumb Code     0  startup_stm32f2xx.o(.text)
    UART5_IRQHandler                         0x080001b3   Thumb Code     0  startup_stm32f2xx.o(.text)
    USART1_IRQHandler                        0x080001b3   Thumb Code     0  startup_stm32f2xx.o(.text)
    USART2_IRQHandler                        0x080001b3   Thumb Code     0  startup_stm32f2xx.o(.text)
    USART3_IRQHandler                        0x080001b3   Thumb Code     0  startup_stm32f2xx.o(.text)
    USART6_IRQHandler                        0x080001b3   Thumb Code     0  startup_stm32f2xx.o(.text)
    WWDG_IRQHandler                          0x080001b3   Thumb Code     0  startup_stm32f2xx.o(.text)
    __aeabi_uldivmod                         0x080001bd   Thumb Code    98  uldiv.o(.text)
    __scatterload                            0x08000221   Thumb Code    28  init.o(.text)
    __scatterload_rt2                        0x08000221   Thumb Code     0  init.o(.text)
    __aeabi_llsl                             0x08000245   Thumb Code    30  llshl.o(.text)
    _ll_shift_l                              0x08000245   Thumb Code     0  llshl.o(.text)
    __aeabi_llsr                             0x08000263   Thumb Code    32  llushr.o(.text)
    _ll_ushift_r                             0x08000263   Thumb Code     0  llushr.o(.text)
    BMP085_CalPressure                       0x08000285   Thumb Code   204  stm322xg_eval_bmp085_cpal.o(i.BMP085_CalPressure)
    BMP085_CalTemperature                    0x0800039d   Thumb Code    52  stm322xg_eval_bmp085_cpal.o(i.BMP085_CalTemperature)
    BMP085_Config                            0x080003f9   Thumb Code    60  stm322xg_eval_bmp085_cpal.o(i.BMP085_Config)
    BMP085_GetRawPressure                    0x08000455   Thumb Code    52  stm322xg_eval_bmp085_cpal.o(i.BMP085_GetRawPressure)
    BMP085_GetRawTemperature                 0x080004d1   Thumb Code    46  stm322xg_eval_bmp085_cpal.o(i.BMP085_GetRawTemperature)
    BusFault_Handler                         0x08000545   Thumb Code     2  stm32_it.o(i.BusFault_Handler)
    CPAL_HAL_NVICInit                        0x08000547   Thumb Code     8  cpal_hal.o(i.CPAL_HAL_NVICInit)
    CPAL_I2C_DMA_RX_IRQHandler               0x08000551   Thumb Code   332  cpal_i2c.o(i.CPAL_I2C_DMA_RX_IRQHandler)
    CPAL_I2C_DMA_TX_IRQHandler               0x080006b5   Thumb Code   348  cpal_i2c.o(i.CPAL_I2C_DMA_TX_IRQHandler)
    CPAL_I2C_DeInit                          0x08000829   Thumb Code    92  cpal_i2c.o(i.CPAL_I2C_DeInit)
    CPAL_I2C_ERR_UserCallback                0x08000889   Thumb Code    44  cpal_usercallback.o(i.CPAL_I2C_ERR_UserCallback)
    CPAL_I2C_ER_IRQHandler                   0x080008bd   Thumb Code   144  cpal_i2c.o(i.CPAL_I2C_ER_IRQHandler)
    CPAL_I2C_EV_IRQHandler                   0x08000951   Thumb Code   108  cpal_i2c.o(i.CPAL_I2C_EV_IRQHandler)
    CPAL_I2C_HAL_CLKDeInit                   0x080009c1   Thumb Code    40  cpal_i2c_hal_stm32f2xx.o(i.CPAL_I2C_HAL_CLKDeInit)
    CPAL_I2C_HAL_CLKInit                     0x080009ed   Thumb Code    40  cpal_i2c_hal_stm32f2xx.o(i.CPAL_I2C_HAL_CLKInit)
    CPAL_I2C_HAL_DMADeInit                   0x08000a19   Thumb Code    42  cpal_i2c_hal_stm32f2xx.o(i.CPAL_I2C_HAL_DMADeInit)
    CPAL_I2C_HAL_DMAInit                     0x08000a49   Thumb Code   124  cpal_i2c_hal_stm32f2xx.o(i.CPAL_I2C_HAL_DMAInit)
    CPAL_I2C_HAL_DMARXConfig                 0x08000ad1   Thumb Code    64  cpal_i2c_hal_stm32f2xx.o(i.CPAL_I2C_HAL_DMARXConfig)
    CPAL_I2C_HAL_DMATXConfig                 0x08000b1d   Thumb Code    62  cpal_i2c_hal_stm32f2xx.o(i.CPAL_I2C_HAL_DMATXConfig)
    CPAL_I2C_HAL_GPIODeInit                  0x08000b69   Thumb Code    62  cpal_i2c_hal_stm32f2xx.o(i.CPAL_I2C_HAL_GPIODeInit)
    CPAL_I2C_HAL_GPIOInit                    0x08000bb1   Thumb Code   144  cpal_i2c_hal_stm32f2xx.o(i.CPAL_I2C_HAL_GPIOInit)
    CPAL_I2C_HAL_ITDeInit                    0x08000c49   Thumb Code   100  cpal_i2c_hal_stm32f2xx.o(i.CPAL_I2C_HAL_ITDeInit)
    CPAL_I2C_HAL_ITInit                      0x08000cb1   Thumb Code   298  cpal_i2c_hal_stm32f2xx.o(i.CPAL_I2C_HAL_ITInit)
    CPAL_I2C_Init                            0x08000de5   Thumb Code   280  cpal_i2c.o(i.CPAL_I2C_Init)
    CPAL_I2C_RXTC_UserCallback               0x08000f05   Thumb Code    20  cpal_usercallback.o(i.CPAL_I2C_RXTC_UserCallback)
    CPAL_I2C_Read                            0x08000f29   Thumb Code   438  cpal_i2c.o(i.CPAL_I2C_Read)
    CPAL_I2C_StructInit                      0x080010e5   Thumb Code    58  cpal_i2c.o(i.CPAL_I2C_StructInit)
    CPAL_I2C_TXTC_UserCallback               0x08001129   Thumb Code     2  cpal_usercallback.o(i.CPAL_I2C_TXTC_UserCallback)
    CPAL_I2C_Write                           0x0800113d   Thumb Code   178  cpal_i2c.o(i.CPAL_I2C_Write)
    CPAL_TIMEOUT_UserCallback                0x080011f5   Thumb Code    36  cpal_usercallback.o(i.CPAL_TIMEOUT_UserCallback)
    DMA1_Stream0_IRQHandler                  0x08001221   Thumb Code     6  cpal_i2c_hal_stm32f2xx.o(i.DMA1_Stream0_IRQHandler)
    DMA1_Stream6_IRQHandler                  0x0800122d   Thumb Code     6  cpal_i2c_hal_stm32f2xx.o(i.DMA1_Stream6_IRQHandler)
    DMA_DeInit                               0x08001239   Thumb Code   270  stm32f2xx_dma.o(i.DMA_DeInit)
    DMA_Init                                 0x0800135d   Thumb Code    80  stm32f2xx_dma.o(i.DMA_Init)
    DebugMon_Handler                         0x080013b1   Thumb Code     2  stm32_it.o(i.DebugMon_Handler)
    EXTI15_10_IRQHandler                     0x080013b5   Thumb Code    78  stm32_it.o(i.EXTI15_10_IRQHandler)
    EXTI_ClearFlag                           0x0800140d   Thumb Code     6  stm32f2xx_exti.o(i.EXTI_ClearFlag)
    EXTI_ClearITPendingBit                   0x08001419   Thumb Code     6  stm32f2xx_exti.o(i.EXTI_ClearITPendingBit)
    EXTI_GetFlagStatus                       0x08001425   Thumb Code    16  stm32f2xx_exti.o(i.EXTI_GetFlagStatus)
    GPIO_Init                                0x08001439   Thumb Code   124  stm32f2xx_gpio.o(i.GPIO_Init)
    GPIO_PinAFConfig                         0x080014b5   Thumb Code    32  stm32f2xx_gpio.o(i.GPIO_PinAFConfig)
    HardFault_Handler                        0x080014d5   Thumb Code     2  stm32_it.o(i.HardFault_Handler)
    I2C1_ER_IRQHandler                       0x080014d9   Thumb Code    12  cpal_i2c_hal_stm32f2xx.o(i.I2C1_ER_IRQHandler)
    I2C1_EV_IRQHandler                       0x080014e9   Thumb Code     6  cpal_i2c_hal_stm32f2xx.o(i.I2C1_EV_IRQHandler)
    I2C_Init                                 0x08001595   Thumb Code   172  stm32f2xx_i2c.o(i.I2C_Init)
    I2C_ReadDataBuffer                       0x08001761   Thumb Code    60  stm322xg_eval_bmp085_cpal.o(i.I2C_ReadDataBuffer)
    I2C_WriteDeviceRegister                  0x080017a9   Thumb Code    50  stm322xg_eval_bmp085_cpal.o(i.I2C_WriteDeviceRegister)
    MemManage_Handler                        0x080017e9   Thumb Code     2  stm32_it.o(i.MemManage_Handler)
    NMI_Handler                              0x080017eb   Thumb Code     2  stm32_it.o(i.NMI_Handler)
    NVIC_Init                                0x080017ed   Thumb Code    90  misc.o(i.NVIC_Init)
    NVIC_PriorityGroupConfig                 0x08001851   Thumb Code    10  misc.o(i.NVIC_PriorityGroupConfig)
    PendSV_Handler                           0x08001885   Thumb Code     2  stm32_it.o(i.PendSV_Handler)
    Printf_Init                              0x08001889   Thumb Code    92  printf.o(i.Printf_Init)
    RCC_AHB1PeriphClockCmd                   0x08001981   Thumb Code    18  stm32f2xx_rcc.o(i.RCC_AHB1PeriphClockCmd)
    RCC_APB1PeriphClockCmd                   0x08001999   Thumb Code    18  stm32f2xx_rcc.o(i.RCC_APB1PeriphClockCmd)
    RCC_APB1PeriphResetCmd                   0x080019b1   Thumb Code    18  stm32f2xx_rcc.o(i.RCC_APB1PeriphResetCmd)
    RCC_GetClocksFreq                        0x080019c9   Thumb Code   134  stm32f2xx_rcc.o(i.RCC_GetClocksFreq)
    STM_EVAL_COMInit                         0x08001bf5   Thumb Code   176  stm32_eval.o(i.STM_EVAL_COMInit)
    STM_EVAL_LEDToggle                       0x08001cad   Thumb Code    20  stm32_eval.o(i.STM_EVAL_LEDToggle)
    SVC_Handler                              0x08001cc9   Thumb Code     2  stm32_it.o(i.SVC_Handler)
    SysTick_Handler                          0x08001d51   Thumb Code    76  cpal_i2c.o(i.SysTick_Handler)
    SystemCoreClockUpdate                    0x08001da1   Thumb Code   106  system_stm32f2xx.o(i.SystemCoreClockUpdate)
    SystemInit                               0x08001e1d   Thumb Code    62  system_stm32f2xx.o(i.SystemInit)
    TIM6_DAC_IRQHandler                      0x08001e6d   Thumb Code    42  stm32_it.o(i.TIM6_DAC_IRQHandler)
    TIM7_IRQHandler                          0x08001e9d   Thumb Code    64  stm32_it.o(i.TIM7_IRQHandler)
    TIM_ClearITPendingBit                    0x08001ee9   Thumb Code     6  stm32f2xx_tim.o(i.TIM_ClearITPendingBit)
    TIM_Cmd                                  0x08001eef   Thumb Code    20  stm32f2xx_tim.o(i.TIM_Cmd)
    TIM_GetITStatus                          0x08001f03   Thumb Code    22  stm32f2xx_tim.o(i.TIM_GetITStatus)
    TIM_ITConfig                             0x08001f19   Thumb Code    16  stm32f2xx_tim.o(i.TIM_ITConfig)
    TIM_TimeBaseInit                         0x08001f29   Thumb Code    96  stm32f2xx_tim.o(i.TIM_TimeBaseInit)
    USART_Cmd                                0x08001fa5   Thumb Code    20  stm32f2xx_usart.o(i.USART_Cmd)
    USART_GetFlagStatus                      0x08001fb9   Thumb Code    14  stm32f2xx_usart.o(i.USART_GetFlagStatus)
    USART_Init                               0x08001fc9   Thumb Code   174  stm32f2xx_usart.o(i.USART_Init)
    USART_SendData                           0x08002081   Thumb Code     8  stm32f2xx_usart.o(i.USART_SendData)
    UsageFault_Handler                       0x08002089   Thumb Code     2  stm32_it.o(i.UsageFault_Handler)
    __0printf$5                              0x0800208d   Thumb Code    22  printf5.o(i.__0printf$5)
    __1printf$5                              0x0800208d   Thumb Code     0  printf5.o(i.__0printf$5)
    __2printf                                0x0800208d   Thumb Code     0  printf5.o(i.__0printf$5)
    __scatterload_copy                       0x080020ad   Thumb Code    14  handlers.o(i.__scatterload_copy)
    __scatterload_null                       0x080020bb   Thumb Code     2  handlers.o(i.__scatterload_null)
    __scatterload_zeroinit                   0x080020bd   Thumb Code    14  handlers.o(i.__scatterload_zeroinit)
    fputc                                    0x080023b1   Thumb Code    30  printf.o(i.fputc)
    main                                     0x080023d5   Thumb Code   112  main.o(i.main)
    COM_TX_PIN_SOURCE                        0x08002454   Data           1  stm32_eval.o(.constdata)
    COM_RX_PIN_SOURCE                        0x08002455   Data           1  stm32_eval.o(.constdata)
    COM_TX_AF                                0x08002456   Data           1  stm32_eval.o(.constdata)
    COM_RX_AF                                0x08002457   Data           1  stm32_eval.o(.constdata)
    COM_TX_PIN                               0x08002458   Data           2  stm32_eval.o(.constdata)
    COM_RX_PIN                               0x0800245a   Data           2  stm32_eval.o(.constdata)
    BUTTON_PORT_SOURCE                       0x0800245c   Data           3  stm32_eval.o(.constdata)
    BUTTON_PIN_SOURCE                        0x0800245f   Data           3  stm32_eval.o(.constdata)
    BUTTON_IRQn                              0x08002462   Data           3  stm32_eval.o(.constdata)
    COM_USART_CLK                            0x08002468   Data           4  stm32_eval.o(.constdata)
    COM_TX_PORT_CLK                          0x0800246c   Data           4  stm32_eval.o(.constdata)
    COM_RX_PORT_CLK                          0x08002470   Data           4  stm32_eval.o(.constdata)
    BUTTON_PIN                               0x08002474   Data           6  stm32_eval.o(.constdata)
    BUTTON_EXTI_LINE                         0x0800247a   Data           6  stm32_eval.o(.constdata)
    GPIO_PIN                                 0x08002480   Data           8  stm32_eval.o(.constdata)
    GPIO_CLK                                 0x08002488   Data          16  stm32_eval.o(.constdata)
    BUTTON_CLK                               0x08002498   Data          12  stm32_eval.o(.constdata)
    STM32F20x_STR                            0x080024a4   Data          24  printf.o(.constdata)
    BMP_PRESSURE_OSRS_VAL                    0x08002504   Data           4  stm322xg_eval_bmp085_cpal.o(.constdata)
    CPAL_I2C_DMA_TX_IRQn                     0x08002508   Data           3  cpal_i2c_hal_stm32f2xx.o(.constdata)
    CPAL_I2C_DMA_RX_IRQn                     0x0800250b   Data           3  cpal_i2c_hal_stm32f2xx.o(.constdata)
    CPAL_I2C_IT_EVT_IRQn                     0x0800250e   Data           3  cpal_i2c_hal_stm32f2xx.o(.constdata)
    CPAL_I2C_IT_ERR_IRQn                     0x08002511   Data           3  cpal_i2c_hal_stm32f2xx.o(.constdata)
    I2C_IT_EVT_PREPRIO                       0x08002514   Data           3  cpal_i2c_hal_stm32f2xx.o(.constdata)
    I2C_IT_EVT_SUBPRIO                       0x08002517   Data           3  cpal_i2c_hal_stm32f2xx.o(.constdata)
    I2C_IT_ERR_PREPRIO                       0x0800251a   Data           3  cpal_i2c_hal_stm32f2xx.o(.constdata)
    I2C_IT_ERR_SUBPRIO                       0x0800251d   Data           3  cpal_i2c_hal_stm32f2xx.o(.constdata)
    I2C_IT_DMATX_PREPRIO                     0x08002520   Data           3  cpal_i2c_hal_stm32f2xx.o(.constdata)
    I2C_IT_DMATX_SUBPRIO                     0x08002523   Data           3  cpal_i2c_hal_stm32f2xx.o(.constdata)
    I2C_IT_DMARX_PREPRIO                     0x08002526   Data           3  cpal_i2c_hal_stm32f2xx.o(.constdata)
    I2C_IT_DMARX_SUBPRIO                     0x08002529   Data           3  cpal_i2c_hal_stm32f2xx.o(.constdata)
    CPAL_I2C_SCL_GPIO_PIN                    0x0800252c   Data           6  cpal_i2c_hal_stm32f2xx.o(.constdata)
    CPAL_I2C_SCL_GPIO_PINSOURCE              0x08002532   Data           6  cpal_i2c_hal_stm32f2xx.o(.constdata)
    CPAL_I2C_SDA_GPIO_PIN                    0x08002538   Data           6  cpal_i2c_hal_stm32f2xx.o(.constdata)
    CPAL_I2C_SDA_GPIO_PINSOURCE              0x0800253e   Data           6  cpal_i2c_hal_stm32f2xx.o(.constdata)
    CPAL_I2C_CLK                             0x08002544   Data          12  cpal_i2c_hal_stm32f2xx.o(.constdata)
    CPAL_I2C_DR                              0x08002550   Data          12  cpal_i2c_hal_stm32f2xx.o(.constdata)
    CPAL_I2C_AF                              0x0800255c   Data          12  cpal_i2c_hal_stm32f2xx.o(.constdata)
    CPAL_I2C_SCL_GPIO_CLK                    0x08002568   Data          12  cpal_i2c_hal_stm32f2xx.o(.constdata)
    CPAL_I2C_SDA_GPIO_CLK                    0x08002574   Data          12  cpal_i2c_hal_stm32f2xx.o(.constdata)
    CPAL_I2C_DMA_CLK                         0x08002580   Data          12  cpal_i2c_hal_stm32f2xx.o(.constdata)
    CPAL_I2C_DMA_CHANNEL                     0x0800258c   Data          12  cpal_i2c_hal_stm32f2xx.o(.constdata)
    CPAL_I2C_DMA_TX_TC_FLAG                  0x08002598   Data          12  cpal_i2c_hal_stm32f2xx.o(.constdata)
    CPAL_I2C_DMA_TX_HT_FLAG                  0x080025a4   Data          12  cpal_i2c_hal_stm32f2xx.o(.constdata)
    CPAL_I2C_DMA_TX_TE_FLAG                  0x080025b0   Data          12  cpal_i2c_hal_stm32f2xx.o(.constdata)
    CPAL_I2C_DMA_RX_TC_FLAG                  0x080025bc   Data          12  cpal_i2c_hal_stm32f2xx.o(.constdata)
    CPAL_I2C_DMA_RX_HT_FLAG                  0x080025c8   Data          12  cpal_i2c_hal_stm32f2xx.o(.constdata)
    CPAL_I2C_DMA_RX_TE_FLAG                  0x080025d4   Data          12  cpal_i2c_hal_stm32f2xx.o(.constdata)
    Region$$Table$$Base                      0x08002630   Number         0  anon$$obj.o(Region$$Table)
    Region$$Table$$Limit                     0x08002650   Number         0  anon$$obj.o(Region$$Table)
    COM_USART                                0x20000000   Data           4  stm32_eval.o(.data)
    COM_TX_PORT                              0x20000004   Data           4  stm32_eval.o(.data)
    COM_RX_PORT                              0x20000008   Data           4  stm32_eval.o(.data)
    NVIC_InitStructure                       0x2000000c   Data           4  stm32_eval.o(.data)
    GPIO_PORT                                0x20000010   Data          16  stm32_eval.o(.data)
    BUTTON_PORT                              0x20000020   Data          12  stm32_eval.o(.data)
    bmp085_osrs                              0x2000002c   Data           1  stm322xg_eval_bmp085_cpal.o(.data)
    BMP085_Buffer                            0x2000002d   Data           2  stm322xg_eval_bmp085_cpal.o(.data)
    AC1                                      0x20000030   Data           2  stm322xg_eval_bmp085_cpal.o(.data)
    AC2                                      0x20000032   Data           2  stm322xg_eval_bmp085_cpal.o(.data)
    AC3                                      0x20000034   Data           2  stm322xg_eval_bmp085_cpal.o(.data)
    B1                                       0x20000036   Data           2  stm322xg_eval_bmp085_cpal.o(.data)
    B2                                       0x20000038   Data           2  stm322xg_eval_bmp085_cpal.o(.data)
    MB                                       0x2000003a   Data           2  stm322xg_eval_bmp085_cpal.o(.data)
    MC                                       0x2000003c   Data           2  stm322xg_eval_bmp085_cpal.o(.data)
    MD                                       0x2000003e   Data           2  stm322xg_eval_bmp085_cpal.o(.data)
    AC4                                      0x20000040   Data           2  stm322xg_eval_bmp085_cpal.o(.data)
    AC5                                      0x20000042   Data           2  stm322xg_eval_bmp085_cpal.o(.data)
    AC6                                      0x20000044   Data           2  stm322xg_eval_bmp085_cpal.o(.data)
    I2C_DevStructures                        0x20000058   Data          12  cpal_i2c_hal_stm32f2xx.o(.data)
    I2C1_DevStructure                        0x20000064   Data          32  cpal_i2c_hal_stm32f2xx.o(.data)
    CPAL_I2C_DEVICE                          0x20000084   Data          12  cpal_i2c_hal_stm32f2xx.o(.data)
    CPAL_I2C_SCL_GPIO_PORT                   0x20000090   Data          12  cpal_i2c_hal_stm32f2xx.o(.data)
    CPAL_I2C_SDA_GPIO_PORT                   0x2000009c   Data          12  cpal_i2c_hal_stm32f2xx.o(.data)
    CPAL_I2C_DMA_TX_Stream                   0x200000a8   Data          12  cpal_i2c_hal_stm32f2xx.o(.data)
    CPAL_I2C_DMA_RX_Stream                   0x200000b4   Data          12  cpal_i2c_hal_stm32f2xx.o(.data)
    CPAL_I2C_DMA                             0x200000c0   Data          12  cpal_i2c_hal_stm32f2xx.o(.data)
    SystemCoreClock                          0x200000cc   Data           4  system_stm32f2xx.o(.data)
    AHBPrescTable                            0x200000d0   Data          16  system_stm32f2xx.o(.data)
    BufferSize                               0x200000e0   Data           4  main.o(.data)
    ActionState                              0x200000e4   Data           4  main.o(.data)
    RecieverMode                             0x200000e8   Data           4  main.o(.data)
    __stdout                                 0x200000ec   Data           4  stdout.o(.data)
    I2C_InitStructure                        0x200000f0   Data          16  cpal_i2c.o(.bss)
    BMP085_RXTransfer                        0x20000100   Data          16  stm322xg_eval_bmp085_cpal.o(.bss)
    BMP085_TXTransfer                        0x20000110   Data          16  stm322xg_eval_bmp085_cpal.o(.bss)
    CPAL_DMA_InitStructure                   0x20000120   Data          60  cpal_i2c_hal_stm32f2xx.o(.bss)
    sRxStructure                             0x2000015c   Data          16  main.o(.bss)
    tRxBuffer                                0x2000016c   Data         200  main.o(.bss)
    __initial_sp                             0x20000638   Data           0  startup_stm32f2xx.o(STACK)



==============================================================================

Memory Map of the image

  Image Entry point : 0x08000185

  Load Region LR_IROM1 (Base: 0x08000000, Size: 0x00002740, Max: 0x00100000, ABSOLUTE)

    Execution Region ER_IROM1 (Base: 0x08000000, Size: 0x00002650, Max: 0x00100000, ABSOLUTE)

    Base Addr    Size         Type   Attr      Idx    E Section Name        Object

    0x08000000   0x00000184   Data   RO         2596    RESET               startup_stm32f2xx.o
    0x08000184   0x00000000   Code   RO         3035  * .ARM.Collect$$$$00000000  mc_w.l(entry.o)
    0x08000184   0x00000004   Code   RO         3307    .ARM.Collect$$$$00000001  mc_w.l(entry2.o)
    0x08000188   0x00000004   Code   RO         3310    .ARM.Collect$$$$00000004  mc_w.l(entry5.o)
    0x0800018c   0x00000000   Code   RO         3312    .ARM.Collect$$$$00000008  mc_w.l(entry7b.o)
    0x0800018c   0x00000008   Code   RO         3313    .ARM.Collect$$$$00000009  mc_w.l(entry8.o)
    0x08000194   0x00000004   Code   RO         3308    .ARM.Collect$$$$00002712  mc_w.l(entry2.o)
    0x08000198   0x00000024   Code   RO         2597    .text               startup_stm32f2xx.o
    0x080001bc   0x00000062   Code   RO         3317    .text               mc_w.l(uldiv.o)
    0x0800021e   0x00000002   PAD
    0x08000220   0x00000024   Code   RO         3330    .text               mc_w.l(init.o)
    0x08000244   0x0000001e   Code   RO         3332    .text               mc_w.l(llshl.o)
    0x08000262   0x00000020   Code   RO         3334    .text               mc_w.l(llushr.o)
    0x08000282   0x00000002   PAD
    0x08000284   0x00000118   Code   RO          526    i.BMP085_CalPressure  stm322xg_eval_bmp085_cpal.o
    0x0800039c   0x0000005c   Code   RO          527    i.BMP085_CalTemperature  stm322xg_eval_bmp085_cpal.o
    0x080003f8   0x0000005c   Code   RO          528    i.BMP085_Config     stm322xg_eval_bmp085_cpal.o
    0x08000454   0x0000007c   Code   RO          530    i.BMP085_GetRawPressure  stm322xg_eval_bmp085_cpal.o
    0x080004d0   0x00000074   Code   RO          531    i.BMP085_GetRawTemperature  stm322xg_eval_bmp085_cpal.o
    0x08000544   0x00000002   Code   RO         2959    i.BusFault_Handler  stm32_it.o
    0x08000546   0x00000008   Code   RO            1    i.CPAL_HAL_NVICInit  cpal_hal.o
    0x0800054e   0x00000002   PAD
    0x08000550   0x00000164   Code   RO          117    i.CPAL_I2C_DMA_RX_IRQHandler  cpal_i2c.o
    0x080006b4   0x00000174   Code   RO          118    i.CPAL_I2C_DMA_TX_IRQHandler  cpal_i2c.o
    0x08000828   0x00000060   Code   RO          119    i.CPAL_I2C_DeInit   cpal_i2c.o
    0x08000888   0x00000034   Code   RO         2928    i.CPAL_I2C_ERR_UserCallback  cpal_usercallback.o
    0x080008bc   0x00000094   Code   RO          120    i.CPAL_I2C_ER_IRQHandler  cpal_i2c.o
    0x08000950   0x00000070   Code   RO          121    i.CPAL_I2C_EV_IRQHandler  cpal_i2c.o
    0x080009c0   0x0000002c   Code   RO         2453    i.CPAL_I2C_HAL_CLKDeInit  cpal_i2c_hal_stm32f2xx.o
    0x080009ec   0x0000002c   Code   RO         2454    i.CPAL_I2C_HAL_CLKInit  cpal_i2c_hal_stm32f2xx.o
    0x08000a18   0x00000030   Code   RO         2455    i.CPAL_I2C_HAL_DMADeInit  cpal_i2c_hal_stm32f2xx.o
    0x08000a48   0x00000088   Code   RO         2456    i.CPAL_I2C_HAL_DMAInit  cpal_i2c_hal_stm32f2xx.o
    0x08000ad0   0x0000004c   Code   RO         2457    i.CPAL_I2C_HAL_DMARXConfig  cpal_i2c_hal_stm32f2xx.o
    0x08000b1c   0x0000004c   Code   RO         2458    i.CPAL_I2C_HAL_DMATXConfig  cpal_i2c_hal_stm32f2xx.o
    0x08000b68   0x00000048   Code   RO         2459    i.CPAL_I2C_HAL_GPIODeInit  cpal_i2c_hal_stm32f2xx.o
    0x08000bb0   0x00000098   Code   RO         2460    i.CPAL_I2C_HAL_GPIOInit  cpal_i2c_hal_stm32f2xx.o
    0x08000c48   0x00000068   Code   RO         2461    i.CPAL_I2C_HAL_ITDeInit  cpal_i2c_hal_stm32f2xx.o
    0x08000cb0   0x00000134   Code   RO         2462    i.CPAL_I2C_HAL_ITInit  cpal_i2c_hal_stm32f2xx.o
    0x08000de4   0x00000120   Code   RO          122    i.CPAL_I2C_Init     cpal_i2c.o
    0x08000f04   0x00000024   Code   RO         2929    i.CPAL_I2C_RXTC_UserCallback  cpal_usercallback.o
    0x08000f28   0x000001bc   Code   RO          124    i.CPAL_I2C_Read     cpal_i2c.o
    0x080010e4   0x00000044   Code   RO          125    i.CPAL_I2C_StructInit  cpal_i2c.o
    0x08001128   0x00000002   Code   RO         2930    i.CPAL_I2C_TXTC_UserCallback  cpal_usercallback.o
    0x0800112a   0x00000012   Code   RO          126    i.CPAL_I2C_Timeout  cpal_i2c.o
    0x0800113c   0x000000b8   Code   RO          127    i.CPAL_I2C_Write    cpal_i2c.o
    0x080011f4   0x0000002c   Code   RO         2931    i.CPAL_TIMEOUT_UserCallback  cpal_usercallback.o
    0x08001220   0x0000000c   Code   RO         2463    i.DMA1_Stream0_IRQHandler  cpal_i2c_hal_stm32f2xx.o
    0x0800122c   0x0000000c   Code   RO         2464    i.DMA1_Stream6_IRQHandler  cpal_i2c_hal_stm32f2xx.o
    0x08001238   0x00000124   Code   RO         1347    i.DMA_DeInit        stm32f2xx_dma.o
    0x0800135c   0x00000054   Code   RO         1358    i.DMA_Init          stm32f2xx_dma.o
    0x080013b0   0x00000002   Code   RO         2960    i.DebugMon_Handler  stm32_it.o
    0x080013b2   0x00000002   PAD
    0x080013b4   0x00000058   Code   RO         2961    i.EXTI15_10_IRQHandler  stm32_it.o
    0x0800140c   0x0000000c   Code   RO         1467    i.EXTI_ClearFlag    stm32f2xx_exti.o
    0x08001418   0x0000000c   Code   RO         1468    i.EXTI_ClearITPendingBit  stm32f2xx_exti.o
    0x08001424   0x00000014   Code   RO         1471    i.EXTI_GetFlagStatus  stm32f2xx_exti.o
    0x08001438   0x0000007c   Code   RO         1525    i.GPIO_Init         stm32f2xx_gpio.o
    0x080014b4   0x00000020   Code   RO         1526    i.GPIO_PinAFConfig  stm32f2xx_gpio.o
    0x080014d4   0x00000002   Code   RO         2962    i.HardFault_Handler  stm32_it.o
    0x080014d6   0x00000002   PAD
    0x080014d8   0x00000010   Code   RO         2465    i.I2C1_ER_IRQHandler  cpal_i2c_hal_stm32f2xx.o
    0x080014e8   0x0000000c   Code   RO         2466    i.I2C1_EV_IRQHandler  cpal_i2c_hal_stm32f2xx.o
    0x080014f4   0x000000a0   Code   RO          128    i.I2C_Enable_DMA_IT  cpal_i2c.o
    0x08001594   0x000000b4   Code   RO         1637    i.I2C_Init          stm32f2xx_i2c.o
    0x08001648   0x00000118   Code   RO          129    i.I2C_MASTER_ADDR_Handle  cpal_i2c.o
    0x08001760   0x00000048   Code   RO          534    i.I2C_ReadDataBuffer  stm322xg_eval_bmp085_cpal.o
    0x080017a8   0x00000040   Code   RO          536    i.I2C_WriteDeviceRegister  stm322xg_eval_bmp085_cpal.o
    0x080017e8   0x00000002   Code   RO         2963    i.MemManage_Handler  stm32_it.o
    0x080017ea   0x00000002   Code   RO         2964    i.NMI_Handler       stm32_it.o
    0x080017ec   0x00000064   Code   RO          227    i.NVIC_Init         misc.o
    0x08001850   0x00000014   Code   RO          228    i.NVIC_PriorityGroupConfig  misc.o
    0x08001864   0x00000020   Code   RO          130    i.NVIC_SetPriority  cpal_i2c.o
    0x08001884   0x00000002   Code   RO         2965    i.PendSV_Handler    stm32_it.o
    0x08001886   0x00000002   PAD
    0x08001888   0x000000f8   Code   RO          451    i.Printf_Init       printf.o
    0x08001980   0x00000018   Code   RO         1824    i.RCC_AHB1PeriphClockCmd  stm32f2xx_rcc.o
    0x08001998   0x00000018   Code   RO         1833    i.RCC_APB1PeriphClockCmd  stm32f2xx_rcc.o
    0x080019b0   0x00000018   Code   RO         1835    i.RCC_APB1PeriphResetCmd  stm32f2xx_rcc.o
    0x080019c8   0x00000098   Code   RO         1845    i.RCC_GetClocksFreq  stm32f2xx_rcc.o
    0x08001a60   0x00000194   Code   RO          537    i.ReadCalibration   stm322xg_eval_bmp085_cpal.o
    0x08001bf4   0x000000b8   Code   RO          346    i.STM_EVAL_COMInit  stm32_eval.o
    0x08001cac   0x0000001c   Code   RO          350    i.STM_EVAL_LEDToggle  stm32_eval.o
    0x08001cc8   0x00000002   Code   RO         2966    i.SVC_Handler       stm32_it.o
    0x08001cca   0x00000002   PAD
    0x08001ccc   0x00000084   Code   RO         2565    i.SetSysClock       system_stm32f2xx.o
    0x08001d50   0x00000050   Code   RO          131    i.SysTick_Handler   cpal_i2c.o
    0x08001da0   0x0000007c   Code   RO         2566    i.SystemCoreClockUpdate  system_stm32f2xx.o
    0x08001e1c   0x00000050   Code   RO         2567    i.SystemInit        system_stm32f2xx.o
    0x08001e6c   0x00000030   Code   RO         2967    i.TIM6_DAC_IRQHandler  stm32_it.o
    0x08001e9c   0x0000004c   Code   RO         2968    i.TIM7_IRQHandler   stm32_it.o
    0x08001ee8   0x00000006   Code   RO          625    i.TIM_ClearITPendingBit  stm32f2xx_tim.o
    0x08001eee   0x00000014   Code   RO          630    i.TIM_Cmd           stm32f2xx_tim.o
    0x08001f02   0x00000016   Code   RO          651    i.TIM_GetITStatus   stm32f2xx_tim.o
    0x08001f18   0x00000010   Code   RO          655    i.TIM_ITConfig      stm32f2xx_tim.o
    0x08001f28   0x0000007c   Code   RO          702    i.TIM_TimeBaseInit  stm32f2xx_tim.o
    0x08001fa4   0x00000014   Code   RO         1165    i.USART_Cmd         stm32f2xx_usart.o
    0x08001fb8   0x0000000e   Code   RO         1168    i.USART_GetFlagStatus  stm32f2xx_usart.o
    0x08001fc6   0x00000002   PAD
    0x08001fc8   0x000000b8   Code   RO         1172    i.USART_Init        stm32f2xx_usart.o
    0x08002080   0x00000008   Code   RO         1182    i.USART_SendData    stm32f2xx_usart.o
    0x08002088   0x00000002   Code   RO         2969    i.UsageFault_Handler  stm32_it.o
    0x0800208a   0x00000002   PAD
    0x0800208c   0x00000020   Code   RO         3171    i.__0printf$5       mc_w.l(printf5.o)
    0x080020ac   0x0000000e   Code   RO         3340    i.__scatterload_copy  mc_w.l(handlers.o)
    0x080020ba   0x00000002   Code   RO         3341    i.__scatterload_null  mc_w.l(handlers.o)
    0x080020bc   0x0000000e   Code   RO         3342    i.__scatterload_zeroinit  mc_w.l(handlers.o)
    0x080020ca   0x00000002   PAD
    0x080020cc   0x000002d0   Code   RO         3178    i._printf_core      mc_w.l(printf5.o)
    0x0800239c   0x00000014   Code   RO          538    i.delay             stm322xg_eval_bmp085_cpal.o
    0x080023b0   0x00000024   Code   RO          460    i.fputc             printf.o
    0x080023d4   0x00000080   Code   RO         2868    i.main              main.o
    0x08002454   0x00000050   Data   RO          357    .constdata          stm32_eval.o
    0x080024a4   0x00000060   Data   RO          461    .constdata          printf.o
    0x08002504   0x00000004   Data   RO          540    .constdata          stm322xg_eval_bmp085_cpal.o
    0x08002508   0x00000090   Data   RO         2468    .constdata          cpal_i2c_hal_stm32f2xx.o
    0x08002598   0x0000000c   Data   RO         2469    .constdata          cpal_i2c_hal_stm32f2xx.o
    0x080025a4   0x0000000c   Data   RO         2470    .constdata          cpal_i2c_hal_stm32f2xx.o
    0x080025b0   0x0000000c   Data   RO         2471    .constdata          cpal_i2c_hal_stm32f2xx.o
    0x080025bc   0x0000000c   Data   RO         2472    .constdata          cpal_i2c_hal_stm32f2xx.o
    0x080025c8   0x0000000c   Data   RO         2473    .constdata          cpal_i2c_hal_stm32f2xx.o
    0x080025d4   0x0000000c   Data   RO         2474    .constdata          cpal_i2c_hal_stm32f2xx.o
    0x080025e0   0x0000004e   Data   RO         2875    .constdata          main.o
    0x0800262e   0x00000002   PAD
    0x08002630   0x00000020   Data   RO         3338    Region$$Table       anon$$obj.o


    Execution Region RW_IRAM1 (Base: 0x20000000, Size: 0x00000638, Max: 0x00020000, ABSOLUTE)

    Base Addr    Size         Type   Attr      Idx    E Section Name        Object

    0x20000000   0x0000002c   Data   RW          358    .data               stm32_eval.o
    0x2000002c   0x0000001a   Data   RW          542    .data               stm322xg_eval_bmp085_cpal.o
    0x20000046   0x00000010   Data   RW         1868    .data               stm32f2xx_rcc.o
    0x20000056   0x00000002   PAD
    0x20000058   0x0000000c   Data   RW         2475    .data               cpal_i2c_hal_stm32f2xx.o
    0x20000064   0x0000005c   Data   RW         2476    .data               cpal_i2c_hal_stm32f2xx.o
    0x200000c0   0x0000000c   Data   RW         2477    .data               cpal_i2c_hal_stm32f2xx.o
    0x200000cc   0x00000014   Data   RW         2568    .data               system_stm32f2xx.o
    0x200000e0   0x00000004   Data   RW         2876    .data               main.o
    0x200000e4   0x00000004   Data   RW         2878    .data               main.o
    0x200000e8   0x00000004   Data   RW         2879    .data               main.o
    0x200000ec   0x00000004   Data   RW         3314    .data               mc_w.l(stdout.o)
    0x200000f0   0x00000010   Zero   RW          132    .bss                cpal_i2c.o
    0x20000100   0x00000020   Zero   RW          539    .bss                stm322xg_eval_bmp085_cpal.o
    0x20000120   0x0000003c   Zero   RW         2467    .bss                cpal_i2c_hal_stm32f2xx.o
    0x2000015c   0x00000010   Zero   RW         2869    .bss                main.o
    0x2000016c   0x000000c8   Zero   RW         2871    .bss                main.o
    0x20000234   0x00000004   PAD
    0x20000238   0x00000400   Zero   RW         2594    STACK               startup_stm32f2xx.o


==============================================================================

Image component sizes


      Code (inc. data)   RO Data    RW Data    ZI Data      Debug   Object Name

         8          0          0          0          0     267870   cpal_hal.o
      2638        122          0          0         16      31841   cpal_i2c.o
      1112        106        216        116         60      15553   cpal_i2c_hal_stm32f2xx.o
       134         32          0          0          0       2110   cpal_usercallback.o
       128         16         78         12        216     207189   main.o
       120         20          0          0          0      16523   misc.o
       284        162         96          0          0       3780   printf.o
        36          8        388          0       1024        948   startup_stm32f2xx.o
      1264        504          4         26         32       8092   stm322xg_eval_bmp085_cpal.o
       212         16         80         44          0       7348   stm32_eval.o
       228         28          0          0          0       4839   stm32_it.o
       376         26          0          0          0      15748   stm32f2xx_dma.o
        44         16          0          0          0       1823   stm32f2xx_exti.o
       156          0          0          0          0       8479   stm32f2xx_gpio.o
       180          8          0          0          0       9643   stm32f2xx_i2c.o
       224         36          0         16          0      17835   stm32f2xx_rcc.o
       188         28          0          0          0      25065   stm32f2xx_tim.o
       226         10          0          0          0       9664   stm32f2xx_usart.o
       336         50          0         20          0       2509   system_stm32f2xx.o

    ----------------------------------------------------------------------
      7908       1188        896        236       1352     656859   Object Totals
         0          0         32          0          0          0   (incl. Generated)
        14          0          2          2          4          0   (incl. Padding)

    ----------------------------------------------------------------------

      Code (inc. data)   RO Data    RW Data    ZI Data      Debug   Library Member Name

         0          0          0          0          0          0   entry.o
         8          4          0          0          0          0   entry2.o
         4          0          0          0          0          0   entry5.o
         0          0          0          0          0          0   entry7b.o
         8          4          0          0          0          0   entry8.o
        30          0          0          0          0          0   handlers.o
        36          8          0          0          0         68   init.o
        30          0          0          0          0         68   llshl.o
        32          0          0          0          0         68   llushr.o
       752         54          0          0          0        184   printf5.o
         0          0          0          4          0          0   stdout.o
        98          0          0          0          0         92   uldiv.o

    ----------------------------------------------------------------------
      1004         70          0          4          0        480   Library Totals
         6          0          0          0          0          0   (incl. Padding)

    ----------------------------------------------------------------------

      Code (inc. data)   RO Data    RW Data    ZI Data      Debug   Library Name

       998         70          0          4          0        480   mc_w.l

    ----------------------------------------------------------------------
      1004         70          0          4          0        480   Library Totals

    ----------------------------------------------------------------------

==============================================================================


      Code (inc. data)   RO Data    RW Data    ZI Data      Debug   

      8912       1258        896        240       1352     652971   Grand Totals
      8912       1258        896        240       1352     652971   ELF Image Totals
      8912       1258        896        240          0          0   ROM Totals

==============================================================================

    Total RO  Size (Code + RO Data)                 9808 (   9.58kB)
    Total RW  Size (RW Data + ZI Data)              1592 (   1.55kB)
    Total ROM Size (Code + RO Data + RW Data)      10048 (   9.81kB)

==============================================================================

