<html>
<body>
<pre>
<h1>µVision Build Log</h1>
<h2>Project:</h2>
D:\repos\stm32fxxx\STM32_I2C_CPAL_V1.1.0\Project\STM32_CPAL_Examples\STM32_CPAL_I2C\master\MDK-ARM\Project.uvproj
Project File Date:  02/08/2013

<h2>Output:</h2>
Build target 'STM322xG_EVAL'
compiling cpal_hal.c...
compiling cpal_i2c.c...
compiling misc.c...
compiling stm32_eval.c...
compiling Printf.c...
compiling stm322xg_eval_bmp085_cpal.c...
..\..\..\..\..\Utilities\STM32_EVAL_CPAL\STM322xG_EVAL\stm322xg_eval_bmp085_cpal.c(93): warning:  #223-D: function "printf" declared implicitly
..\..\..\..\..\Utilities\STM32_EVAL_CPAL\STM322xG_EVAL\stm322xg_eval_bmp085_cpal.c(130): warning:  #223-D: function "printf" declared implicitly
..\..\..\..\..\Utilities\STM32_EVAL_CPAL\STM322xG_EVAL\stm322xg_eval_bmp085_cpal.c(149): warning:  #223-D: function "printf" declared implicitly
..\..\..\..\..\Utilities\STM32_EVAL_CPAL\STM322xG_EVAL\stm322xg_eval_bmp085_cpal.c(174): warning:  #223-D: function "printf" declared implicitly
..\..\..\..\..\Utilities\STM32_EVAL_CPAL\STM322xG_EVAL\stm322xg_eval_bmp085_cpal.c(194): warning:  #223-D: function "printf" declared implicitly
..\..\..\..\..\Utilities\STM32_EVAL_CPAL\STM322xG_EVAL\stm322xg_eval_bmp085_cpal.c(188): warning:  #550-D: variable "temperature" was set but never used
..\..\..\..\..\Utilities\STM32_EVAL_CPAL\STM322xG_EVAL\stm322xg_eval_bmp085_cpal.c(501): warning:  #223-D: function "printf" declared implicitly
compiling stm32f2xx_tim.c...
compiling stm32f2xx_usart.c...
compiling stm32f2xx_dma.c...
compiling stm32f2xx_exti.c...
compiling stm32f2xx_gpio.c...
compiling stm32f2xx_i2c.c...
compiling stm32f2xx_rcc.c...
compiling stm32f2xx_syscfg.c...
compiling stm32f2xx_fsmc.c...
compiling stm32f2xx_sdio.c...
compiling cpal_i2c_hal_stm32f2xx.c...
compiling system_stm32f2xx.c...
assembling startup_stm32f2xx.s...
compiling stm322xg_eval_lcd.c...
compiling main.c...
..\main.c(164): warning:  #177-D: function "TIM7_Config" was declared but never referenced
compiling cpal_usercallback.c...
..\cpal_usercallback.c(105): warning:  #177-D: variable "i" was declared but never referenced
compiling stm32_it.c...
linking...
Program Size: Code=8912 RO-data=896 RW-data=240 ZI-data=1352  
".\STM322xG_EVAL\STM322xG_EVAL.axf" - 0 Error(s), 9 Warning(s).
Load "D:\\repos\\stm32fxxx\\STM32_I2C_CPAL_V1.1.0\\Project\\STM32_CPAL_Examples\\STM32_CPAL_I2C\\master\\MDK-ARM\\STM322xG_EVAL\\STM322xG_EVAL.AXF" 
* JLink Info: Device "STM32F207IG" selected (1024 KB flash, 64 KB RAM).
Set JLink Project File to "D:\repos\stm32fxxx\STM32_I2C_CPAL_V1.1.0\Project\STM32_CPAL_Examples\STM32_CPAL_I2C\master\MDK-ARM\JLinkSettings.ini"
 
JLink info:
------------
DLL: V4.40c, compiled Jan 24 2012 09:30:33
Firmware: J-Link ARM V8 compiled Dec  6 2011 18:57:44
Hardware: V8.00
S/N : 58001139 
Feature(s) : RDI,FlashDL,FlashBP,JFlash 
 
* JLink Info: TotalIRLen = 9, IRPrint = 0x0011
* JLink Info: Found Cortex-M3 r2p0, Little endian.
* JLink Info: TPIU fitted.
* JLink Info: ETM fitted.
* JLink Info:   FPUnit: 6 code (BP) slots and 2 literal slots
ROMTableAddr = 0xE00FF003
* JLink Info: TotalIRLen = 9, IRPrint = 0x0011
* JLink Info: Found Cortex-M3 r2p0, Little endian.
* JLink Info: TPIU fitted.
* JLink Info: ETM fitted.
* JLink Info:   FPUnit: 6 code (BP) slots and 2 literal slots
* JLink Info: Found Cortex-M3 r2p0, Little endian.
* JLink Info: TPIU fitted.
* JLink Info: ETM fitted.
* JLink Info:   FPUnit: 6 code (BP) slots and 2 literal slots
 
Target info:
------------
Device: STM32F207IG
VTarget = 3.338V
State of Pins: 
TCK: 1, TDI: 0, TDO: 0, TMS: 0, TRES: 1, TRST: 1
Hardware-Breakpoints: 6
Software-Breakpoints: 8192
Watchpoints:          4
JTAG speed: 2000 kHz
 
Erase Done.
Programming Done.
Verify OK.
* JLink Info: TotalIRLen = 9, IRPrint = 0x0011
* JLink Info: Found Cortex-M3 r2p0, Little endian.
* JLink Info: TPIU fitted.
* JLink Info: ETM fitted.
* JLink Info:   FPUnit: 6 code (BP) slots and 2 literal slots
* JLink Info: Found Cortex-M3 r2p0, Little endian.
* JLink Info: TPIU fitted.
* JLink Info: ETM fitted.
* JLink Info:   FPUnit: 6 code (BP) slots and 2 literal slots
Application running ...
